main.c:114:6:errLED_Task	24	static
main.c:131:6:LCD_Task	24	static
main.c:189:6:Sensors_Load_Task	40	static
main.c:231:6:SDcard_Task	80	static
main.c:261:6:Bluetooth_Task	16	static
main.c:275:6:Output_update_Task	16	static
main.c:303:5:main	64	static
main.c:401:6:SystemClock_Config	88	static
main.c:446:13:MX_ADC1_Init	24	static
main.c:504:13:MX_I2C1_Init	8	static
main.c:538:13:MX_SPI1_Init	8	static
main.c:576:13:MX_TIM1_Init	96	static
main.c:651:13:MX_TIM9_Init	24	static
main.c:689:13:MX_USART1_UART_Init	8	static
main.c:722:13:MX_USART2_UART_Init	8	static
main.c:753:13:MX_DMA_Init	16	static
main.c:777:13:MX_GPIO_Init	48	static
main.c:836:6:StartDefaultTask	16	static
main.c:855:6:HAL_TIM_PeriodElapsedCallback	16	static
main.c:872:6:Error_Handler	4	static,ignoring_inline_asm
