stm32f4xx_it.c:58:6:SDTimer_Handler	4	static
stm32f4xx_it.c:87:6:NMI_Handler	4	static
stm32f4xx_it.c:102:6:HardFault_Handler	4	static
stm32f4xx_it.c:117:6:MemManage_Handler	4	static
stm32f4xx_it.c:132:6:BusFault_Handler	4	static
stm32f4xx_it.c:147:6:UsageFault_Handler	4	static
stm32f4xx_it.c:162:6:DebugMon_Handler	4	static
stm32f4xx_it.c:182:6:TIM1_BRK_TIM9_IRQHandler	8	static
stm32f4xx_it.c:197:6:TIM1_UP_TIM10_IRQHandler	8	static
stm32f4xx_it.c:211:6:TIM1_TRG_COM_TIM11_IRQHandler	8	static
stm32f4xx_it.c:225:6:USART1_IRQHandler	8	static
stm32f4xx_it.c:239:6:TIM5_IRQHandler	8	static
stm32f4xx_it.c:258:6:DMA2_Stream0_IRQHandler	8	static
stm32f4xx_it.c:272:6:DMA2_Stream2_IRQHandler	8	static
stm32f4xx_it.c:286:6:DMA2_Stream7_IRQHandler	8	static
