Archive member included to satisfy reference by file (symbol)

c:/st/stm32cubeide_1.7.0/stm32cubeide/plugins/com.st.stm32cube.ide.mcu.externaltools.gnu-tools-for-stm32.9-2020-q2-update.win32_2.0.0.202105311346/tools/bin/../lib/gcc/arm-none-eabi/9.3.1/../../../../arm-none-eabi/lib/thumb/v7e-m+fp/hard\libc_nano.a(lib_a-errno.o)
                              ./Core/Src/syscalls.o (__errno)
c:/st/stm32cubeide_1.7.0/stm32cubeide/plugins/com.st.stm32cube.ide.mcu.externaltools.gnu-tools-for-stm32.9-2020-q2-update.win32_2.0.0.202105311346/tools/bin/../lib/gcc/arm-none-eabi/9.3.1/../../../../arm-none-eabi/lib/thumb/v7e-m+fp/hard\libc_nano.a(lib_a-exit.o)
                              c:/st/stm32cubeide_1.7.0/stm32cubeide/plugins/com.st.stm32cube.ide.mcu.externaltools.gnu-tools-for-stm32.9-2020-q2-update.win32_2.0.0.202105311346/tools/bin/../lib/gcc/arm-none-eabi/9.3.1/../../../../arm-none-eabi/lib/thumb/v7e-m+fp/hard/crt0.o (exit)
c:/st/stm32cubeide_1.7.0/stm32cubeide/plugins/com.st.stm32cube.ide.mcu.externaltools.gnu-tools-for-stm32.9-2020-q2-update.win32_2.0.0.202105311346/tools/bin/../lib/gcc/arm-none-eabi/9.3.1/../../../../arm-none-eabi/lib/thumb/v7e-m+fp/hard\libc_nano.a(lib_a-impure.o)
                              c:/st/stm32cubeide_1.7.0/stm32cubeide/plugins/com.st.stm32cube.ide.mcu.externaltools.gnu-tools-for-stm32.9-2020-q2-update.win32_2.0.0.202105311346/tools/bin/../lib/gcc/arm-none-eabi/9.3.1/../../../../arm-none-eabi/lib/thumb/v7e-m+fp/hard\libc_nano.a(lib_a-exit.o) (_global_impure_ptr)
c:/st/stm32cubeide_1.7.0/stm32cubeide/plugins/com.st.stm32cube.ide.mcu.externaltools.gnu-tools-for-stm32.9-2020-q2-update.win32_2.0.0.202105311346/tools/bin/../lib/gcc/arm-none-eabi/9.3.1/../../../../arm-none-eabi/lib/thumb/v7e-m+fp/hard\libc_nano.a(lib_a-init.o)
                              c:/st/stm32cubeide_1.7.0/stm32cubeide/plugins/com.st.stm32cube.ide.mcu.externaltools.gnu-tools-for-stm32.9-2020-q2-update.win32_2.0.0.202105311346/tools/bin/../lib/gcc/arm-none-eabi/9.3.1/../../../../arm-none-eabi/lib/thumb/v7e-m+fp/hard/crt0.o (__libc_init_array)
c:/st/stm32cubeide_1.7.0/stm32cubeide/plugins/com.st.stm32cube.ide.mcu.externaltools.gnu-tools-for-stm32.9-2020-q2-update.win32_2.0.0.202105311346/tools/bin/../lib/gcc/arm-none-eabi/9.3.1/../../../../arm-none-eabi/lib/thumb/v7e-m+fp/hard\libc_nano.a(lib_a-memcpy-stub.o)
                              ./Core/Src/DallasTemperature.o (memcpy)
c:/st/stm32cubeide_1.7.0/stm32cubeide/plugins/com.st.stm32cube.ide.mcu.externaltools.gnu-tools-for-stm32.9-2020-q2-update.win32_2.0.0.202105311346/tools/bin/../lib/gcc/arm-none-eabi/9.3.1/../../../../arm-none-eabi/lib/thumb/v7e-m+fp/hard\libc_nano.a(lib_a-memset.o)
                              c:/st/stm32cubeide_1.7.0/stm32cubeide/plugins/com.st.stm32cube.ide.mcu.externaltools.gnu-tools-for-stm32.9-2020-q2-update.win32_2.0.0.202105311346/tools/bin/../lib/gcc/arm-none-eabi/9.3.1/../../../../arm-none-eabi/lib/thumb/v7e-m+fp/hard/crt0.o (memset)
c:/st/stm32cubeide_1.7.0/stm32cubeide/plugins/com.st.stm32cube.ide.mcu.externaltools.gnu-tools-for-stm32.9-2020-q2-update.win32_2.0.0.202105311346/tools/bin/../lib/gcc/arm-none-eabi/9.3.1/../../../../arm-none-eabi/lib/thumb/v7e-m+fp/hard\libc_nano.a(lib_a-nano-vfprintf_float.o)
                              (_printf_float)
c:/st/stm32cubeide_1.7.0/stm32cubeide/plugins/com.st.stm32cube.ide.mcu.externaltools.gnu-tools-for-stm32.9-2020-q2-update.win32_2.0.0.202105311346/tools/bin/../lib/gcc/arm-none-eabi/9.3.1/../../../../arm-none-eabi/lib/thumb/v7e-m+fp/hard\libc_nano.a(lib_a-nano-vfprintf_i.o)
                              c:/st/stm32cubeide_1.7.0/stm32cubeide/plugins/com.st.stm32cube.ide.mcu.externaltools.gnu-tools-for-stm32.9-2020-q2-update.win32_2.0.0.202105311346/tools/bin/../lib/gcc/arm-none-eabi/9.3.1/../../../../arm-none-eabi/lib/thumb/v7e-m+fp/hard\libc_nano.a(lib_a-nano-vfprintf_float.o) (_printf_common)
c:/st/stm32cubeide_1.7.0/stm32cubeide/plugins/com.st.stm32cube.ide.mcu.externaltools.gnu-tools-for-stm32.9-2020-q2-update.win32_2.0.0.202105311346/tools/bin/../lib/gcc/arm-none-eabi/9.3.1/../../../../arm-none-eabi/lib/thumb/v7e-m+fp/hard\libc_nano.a(lib_a-sprintf.o)
                              ./Core/Src/File_Handling_RTOS.o (sprintf)
c:/st/stm32cubeide_1.7.0/stm32cubeide/plugins/com.st.stm32cube.ide.mcu.externaltools.gnu-tools-for-stm32.9-2020-q2-update.win32_2.0.0.202105311346/tools/bin/../lib/gcc/arm-none-eabi/9.3.1/../../../../arm-none-eabi/lib/thumb/v7e-m+fp/hard\libc_nano.a(lib_a-strcmp.o)
                              ./Core/Src/File_Handling_RTOS.o (strcmp)
c:/st/stm32cubeide_1.7.0/stm32cubeide/plugins/com.st.stm32cube.ide.mcu.externaltools.gnu-tools-for-stm32.9-2020-q2-update.win32_2.0.0.202105311346/tools/bin/../lib/gcc/arm-none-eabi/9.3.1/../../../../arm-none-eabi/lib/thumb/v7e-m+fp/hard\libc_nano.a(lib_a-strlen.o)
                              ./Core/Src/File_Handling_RTOS.o (strlen)
[...]
Memory Configuration

Name             Origin             Length             Attributes
RAM              0x0000000020000000 0x0000000000020000 xrw
FLASH            0x0000000008000000 0x0000000000080000 xr
*default*        0x0000000000000000 0xffffffffffffffff

Linker script and memory map

LOAD c:/st/stm32cubeide_1.7.0/stm32cubeide/plugins/com.st.stm32cube.ide.mcu.externaltools.gnu-tools-for-stm32.9-2020-q2-update.win32_2.0.0.202105311346/tools/bin/../lib/gcc/arm-none-eabi/9.3.1/thumb/v7e-m+fp/hard/crti.o
LOAD c:/st/stm32cubeide_1.7.0/stm32cubeide/plugins/com.st.stm32cube.ide.mcu.externaltools.gnu-tools-for-stm32.9-2020-q2-update.win32_2.0.0.202105311346/tools/bin/../lib/gcc/arm-none-eabi/9.3.1/thumb/v7e-m+fp/hard/crtbegin.o
LOAD c:/st/stm32cubeide_1.7.0/stm32cubeide/plugins/com.st.stm32cube.ide.mcu.externaltools.gnu-tools-for-stm32.9-2020-q2-update.win32_2.0.0.202105311346/tools/bin/../lib/gcc/arm-none-eabi/9.3.1/../../../../arm-none-eabi/lib/thumb/v7e-m+fp/hard/crt0.o
LOAD ./Core/Src/DallasTemperature.o
LOAD ./Core/Src/File_Handling_RTOS.o
LOAD ./Core/Src/OneWire.o
LOAD ./Core/Src/fatfs_sd.o
LOAD ./Core/Src/fonts.o
LOAD ./Core/Src/freertos.o
LOAD ./Core/Src/main.o
LOAD ./Core/Src/ssd1306.o
LOAD ./Core/Src/stm32f4xx_hal_msp.o
LOAD ./Core/Src/stm32f4xx_hal_timebase_tim.o
LOAD ./Core/Src/stm32f4xx_it.o
LOAD ./Core/Src/syscalls.o
LOAD ./Core/Src/sysmem.o
LOAD ./Core/Src/system_stm32f4xx.o
LOAD ./Core/Startup/startup_stm32f411retx.o
LOAD ./Drivers/STM32F4xx_HAL_Driver/Src/stm32f4xx_hal.o
LOAD ./Drivers/STM32F4xx_HAL_Driver/Src/stm32f4xx_hal_adc.o
LOAD ./Drivers/STM32F4xx_HAL_Driver/Src/stm32f4xx_hal_adc_ex.o
LOAD ./Drivers/STM32F4xx_HAL_Driver/Src/stm32f4xx_hal_cortex.o
LOAD ./Drivers/STM32F4xx_HAL_Driver/Src/stm32f4xx_hal_dma.o
LOAD ./Drivers/STM32F4xx_HAL_Driver/Src/stm32f4xx_hal_dma_ex.o
LOAD ./Drivers/STM32F4xx_HAL_Driver/Src/stm32f4xx_hal_exti.o
LOAD ./Drivers/STM32F4xx_HAL_Driver/Src/stm32f4xx_hal_flash.o
LOAD ./Drivers/STM32F4xx_HAL_Driver/Src/stm32f4xx_hal_flash_ex.o
LOAD ./Drivers/STM32F4xx_HAL_Driver/Src/stm32f4xx_hal_flash_ramfunc.o
LOAD ./Drivers/STM32F4xx_HAL_Driver/Src/stm32f4xx_hal_gpio.o
LOAD ./Drivers/STM32F4xx_HAL_Driver/Src/stm32f4xx_hal_i2c.o
LOAD ./Drivers/STM32F4xx_HAL_Driver/Src/stm32f4xx_hal_i2c_ex.o
LOAD ./Drivers/STM32F4xx_HAL_Driver/Src/stm32f4xx_hal_pwr.o
LOAD ./Drivers/STM32F4xx_HAL_Driver/Src/stm32f4xx_hal_pwr_ex.o
LOAD ./Drivers/STM32F4xx_HAL_Driver/Src/stm32f4xx_hal_rcc.o
LOAD ./Drivers/STM32F4xx_HAL_Driver/Src/stm32f4xx_hal_rcc_ex.o
LOAD ./Drivers/STM32F4xx_HAL_Driver/Src/stm32f4xx_hal_spi.o
LOAD ./Drivers/STM32F4xx_HAL_Driver/Src/stm32f4xx_hal_tim.o
LOAD ./Drivers/STM32F4xx_HAL_Driver/Src/stm32f4xx_hal_tim_ex.o
LOAD ./Drivers/STM32F4xx_HAL_Driver/Src/stm32f4xx_hal_uart.o
LOAD ./Drivers/STM32F4xx_HAL_Driver/Src/stm32f4xx_ll_adc.o
LOAD ./FATFS/App/fatfs.o
LOAD ./FATFS/Target/user_diskio.o
LOAD ./Middlewares/Third_Party/FatFs/src/diskio.o
LOAD ./Middlewares/Third_Party/FatFs/src/ff.o
LOAD ./Middlewares/Third_Party/FatFs/src/ff_gen_drv.o
LOAD ./Middlewares/Third_Party/FatFs/src/option/syscall.o
LOAD ./Middlewares/Third_Party/FreeRTOS/Source/CMSIS_RTOS/cmsis_os.o
LOAD ./Middlewares/Third_Party/FreeRTOS/Source/croutine.o
LOAD ./Middlewares/Third_Party/FreeRTOS/Source/event_groups.o
LOAD ./Middlewares/Third_Party/FreeRTOS/Source/list.o
LOAD ./Middlewares/Third_Party/FreeRTOS/Source/queue.o
LOAD ./Middlewares/Third_Party/FreeRTOS/Source/stream_buffer.o
LOAD ./Middlewares/Third_Party/FreeRTOS/Source/tasks.o
LOAD ./Middlewares/Third_Party/FreeRTOS/Source/timers.o
LOAD ./Middlewares/Third_Party/FreeRTOS/Source/portable/GCC/ARM_CM4F/port.o
LOAD ./Middlewares/Third_Party/FreeRTOS/Source/portable/MemMang/heap_4.o
START GROUP
LOAD c:/st/stm32cubeide_1.7.0/stm32cubeide/plugins/com.st.stm32cube.ide.mcu.externaltools.gnu-tools-for-stm32.9-2020-q2-update.win32_2.0.0.202105311346/tools/bin/../lib/gcc/arm-none-eabi/9.3.1/../../../../arm-none-eabi/lib/thumb/v7e-m+fp/hard\libc_nano.a
LOAD c:/st/stm32cubeide_1.7.0/stm32cubeide/plugins/com.st.stm32cube.ide.mcu.externaltools.gnu-tools-for-stm32.9-2020-q2-update.win32_2.0.0.202105311346/tools/bin/../lib/gcc/arm-none-eabi/9.3.1/../../../../arm-none-eabi/lib/thumb/v7e-m+fp/hard\libm.a
END GROUP
START GROUP
LOAD c:/st/stm32cubeide_1.7.0/stm32cubeide/plugins/com.st.stm32cube.ide.mcu.externaltools.gnu-tools-for-stm32.9-2020-q2-update.win32_2.0.0.202105311346/tools/bin/../lib/gcc/arm-none-eabi/9.3.1/thumb/v7e-m+fp/hard\libgcc.a
LOAD c:/st/stm32cubeide_1.7.0/stm32cubeide/plugins/com.st.stm32cube.ide.mcu.externaltools.gnu-tools-for-stm32.9-2020-q2-update.win32_2.0.0.202105311346/tools/bin/../lib/gcc/arm-none-eabi/9.3.1/../../../../arm-none-eabi/lib/thumb/v7e-m+fp/hard\libc_nano.a
END GROUP
START GROUP
LOAD c:/st/stm32cubeide_1.7.0/stm32cubeide/plugins/com.st.stm32cube.ide.mcu.externaltools.gnu-tools-for-stm32.9-2020-q2-update.win32_2.0.0.202105311346/tools/bin/../lib/gcc/arm-none-eabi/9.3.1/thumb/v7e-m+fp/hard\libgcc.a
LOAD c:/st/stm32cubeide_1.7.0/stm32cubeide/plugins/com.st.stm32cube.ide.mcu.externaltools.gnu-tools-for-stm32.9-2020-q2-update.win32_2.0.0.202105311346/tools/bin/../lib/gcc/arm-none-eabi/9.3.1/../../../../arm-none-eabi/lib/thumb/v7e-m+fp/hard\libc_nano.a
LOAD c:/st/stm32cubeide_1.7.0/stm32cubeide/plugins/com.st.stm32cube.ide.mcu.externaltools.gnu-tools-for-stm32.9-2020-q2-update.win32_2.0.0.202105311346/tools/bin/../lib/gcc/arm-none-eabi/9.3.1/../../../../arm-none-eabi/lib/thumb/v7e-m+fp/hard\libnosys.a
END GROUP
START GROUP
LOAD c:/st/stm32cubeide_1.7.0/stm32cubeide/plugins/com.st.stm32cube.ide.mcu.externaltools.gnu-tools-for-stm32.9-2020-q2-update.win32_2.0.0.202105311346/tools/bin/../lib/gcc/arm-none-eabi/9.3.1/thumb/v7e-m+fp/hard\libgcc.a
LOAD c:/st/stm32cubeide_1.7.0/stm32cubeide/plugins/com.st.stm32cube.ide.mcu.externaltools.gnu-tools-for-stm32.9-2020-q2-update.win32_2.0.0.202105311346/tools/bin/../lib/gcc/arm-none-eabi/9.3.1/../../../../arm-none-eabi/lib/thumb/v7e-m+fp/hard\libc_nano.a
LOAD c:/st/stm32cubeide_1.7.0/stm32cubeide/plugins/com.st.stm32cube.ide.mcu.externaltools.gnu-tools-for-stm32.9-2020-q2-update.win32_2.0.0.202105311346/tools/bin/../lib/gcc/arm-none-eabi/9.3.1/../../../../arm-none-eabi/lib/thumb/v7e-m+fp/hard\libnosys.a
END GROUP
LOAD c:/st/stm32cubeide_1.7.0/stm32cubeide/plugins/com.st.stm32cube.ide.mcu.externaltools.gnu-tools-for-stm32.9-2020-q2-update.win32_2.0.0.202105311346/tools/bin/../lib/gcc/arm-none-eabi/9.3.1/thumb/v7e-m+fp/hard/crtend.o
LOAD c:/st/stm32cubeide_1.7.0/stm32cubeide/plugins/com.st.stm32cube.ide.mcu.externaltools.gnu-tools-for-stm32.9-2020-q2-update.win32_2.0.0.202105311346/tools/bin/../lib/gcc/arm-none-eabi/9.3.1/thumb/v7e-m+fp/hard/crtn.o
                0x0000000020020000                _estack = (ORIGIN (RAM) + LENGTH (RAM))
                0x0000000000000400                _Min_Heap_Size = 0x400
                0x0000000000000800                _Min_Stack_Size = 0x800

.isr_vector     0x0000000008000000      0x198
                0x0000000008000000                . = ALIGN (0x4)
 *(.isr_vector)
 .isr_vector    0x0000000008000000      0x198 ./Core/Startup/startup_stm32f411retx.o
                0x0000000008000000                g_pfnVectors
                0x0000000008000198                . = ALIGN (0x4)

.text           0x00000000080001a0    0x10fd0
                0x00000000080001a0                . = ALIGN (0x4)
 *(.text)
 .text          0x00000000080001a0       0x40 c:/st/stm32cubeide_1.7.0/stm32cubeide/plugins/com.st.stm32cube.ide.mcu.externaltools.gnu-tools-for-stm32.9-2020-q2-update.win32_2.0.0.202105311346/tools/bin/../lib/gcc/arm-none-eabi/9.3.1/thumb/v7e-m+fp/hard/crtbegin.o
 .text          0x00000000080001e0       0x14 c:/st/stm32cubeide_1.7.0/stm32cubeide/plugins/com.st.stm32cube.ide.mcu.externaltools.gnu-tools-for-stm32.9-2020-q2-update.win32_2.0.0.202105311346/tools/bin/../lib/gcc/arm-none-eabi/9.3.1/../../../../arm-none-eabi/lib/thumb/v7e-m+fp/hard\libc_nano.a(lib_a-strcmp.o)
                0x00000000080001e0                strcmp
 .text          0x00000000080001f4       0x10 c:/st/stm32cubeide_1.7.0/stm32cubeide/plugins/com.st.stm32cube.ide.mcu.externaltools.gnu-tools-for-stm32.9-2020-q2-update.win32_2.0.0.202105311346/tools/bin/../lib/gcc/arm-none-eabi/9.3.1/../../../../arm-none-eabi/lib/thumb/v7e-m+fp/hard\libc_nano.a(lib_a-strlen.o)
                0x00000000080001f4                strlen
 *fill*         0x0000000008000204        0xc 
 .text          0x0000000008000210       0xa0 c:/st/stm32cubeide_1.7.0/stm32cubeide/plugins/com.st.stm32cube.ide.mcu.externaltools.gnu-tools-for-stm32.9-2020-q2-update.win32_2.0.0.202105311346/tools/bin/../lib/gcc/arm-none-eabi/9.3.1/../../../../arm-none-eabi/lib/thumb/v7e-m+fp/hard\libc_nano.a(lib_a-memchr.o)
                0x0000000008000210                memchr
 .text          0x00000000080002b0      0x378 c:/st/stm32cubeide_1.7.0/stm32cubeide/plugins/com.st.stm32cube.ide.mcu.externaltools.gnu-tools-for-stm32.9-2020-q2-update.win32_2.0.0.202105311346/tools/bin/../lib/gcc/arm-none-eabi/9.3.1/thumb/v7e-m+fp/hard\libgcc.a(_arm_addsubdf3.o)
                0x00000000080002b0                __aeabi_drsub
                0x00000000080002b8                __aeabi_dsub
                0x00000000080002b8                __subdf3
                0x00000000080002bc                __aeabi_dadd
                0x00000000080002bc                __adddf3
                0x0000000008000534                __floatunsidf
                0x0000000008000534                __aeabi_ui2d
                0x0000000008000554                __floatsidf
                0x0000000008000554                __aeabi_i2d
                0x0000000008000578                __aeabi_f2d
                0x0000000008000578                __extendsfdf2
                0x00000000080005bc                __floatundidf
                0x00000000080005bc                __aeabi_ul2d
                0x00000000080005cc                __floatdidf
                0x00000000080005cc                __aeabi_l2d
 .text          0x0000000008000628      0x424 c:/st/stm32cubeide_1.7.0/stm32cubeide/plugins/com.st.stm32cube.ide.mcu.externaltools.gnu-tools-for-stm32.9-2020-q2-update.win32_2.0.0.202105311346/tools/bin/../lib/gcc/arm-none-eabi/9.3.1/thumb/v7e-m+fp/hard\libgcc.a(_arm_muldivdf3.o)
                0x0000000008000628                __aeabi_dmul
                0x0000000008000628                __muldf3
                0x000000000800087c                __divdf3
                0x000000000800087c                __aeabi_ddiv
 .text          0x0000000008000a4c      0x110 c:/st/stm32cubeide_1.7.0/stm32cubeide/plugins/com.st.stm32cube.ide.mcu.externaltools.gnu-tools-for-stm32.9-2020-q2-update.win32_2.0.0.202105311346/tools/bin/../lib/gcc/arm-none-eabi/9.3.1/thumb/v7e-m+fp/hard\libgcc.a(_arm_cmpdf2.o)
                0x0000000008000a4c                __gtdf2
                0x0000000008000a4c                __gedf2
                0x0000000008000a54                __ltdf2
                0x0000000008000a54                __ledf2
                0x0000000008000a5c                __nedf2
                0x0000000008000a5c                __eqdf2
                0x0000000008000a5c                __cmpdf2
                0x0000000008000ad8                __aeabi_cdrcmple
                0x0000000008000ae8                __aeabi_cdcmpeq
                0x0000000008000ae8                __aeabi_cdcmple
                0x0000000008000af8                __aeabi_dcmpeq
                0x0000000008000b0c                __aeabi_dcmplt
                0x0000000008000b20                __aeabi_dcmple
                0x0000000008000b34                __aeabi_dcmpge
                0x0000000008000b48                __aeabi_dcmpgt
 .text          0x0000000008000b5c       0x2c c:/st/stm32cubeide_1.7.0/stm32cubeide/plugins/com.st.stm32cube.ide.mcu.externaltools.gnu-tools-for-stm32.9-2020-q2-update.win32_2.0.0.202105311346/tools/bin/../lib/gcc/arm-none-eabi/9.3.1/thumb/v7e-m+fp/hard\libgcc.a(_arm_unorddf2.o)
                0x0000000008000b5c                __unorddf2
                0x0000000008000b5c                __aeabi_dcmpun
 .text          0x0000000008000b88       0x50 c:/st/stm32cubeide_1.7.0/stm32cubeide/plugins/com.st.stm32cube.ide.mcu.externaltools.gnu-tools-for-stm32.9-2020-q2-update.win32_2.0.0.202105311346/tools/bin/../lib/gcc/arm-none-eabi/9.3.1/thumb/v7e-m+fp/hard\libgcc.a(_arm_fixdfsi.o)
                0x0000000008000b88                __aeabi_d2iz
                0x0000000008000b88                __fixdfsi
 .text          0x0000000008000bd8       0x30 c:/st/stm32cubeide_1.7.0/stm32cubeide/plugins/com.st.stm32cube.ide.mcu.externaltools.gnu-tools-for-stm32.9-2020-q2-update.win32_2.0.0.202105311346/tools/bin/../lib/gcc/arm-none-eabi/9.3.1/thumb/v7e-m+fp/hard\libgcc.a(_aeabi_uldivmod.o)
                0x0000000008000bd8                __aeabi_uldivmod
 .text          0x0000000008000c08      0x2c4 c:/st/stm32cubeide_1.7.0/stm32cubeide/plugins/com.st.stm32cube.ide.mcu.externaltools.gnu-tools-for-stm32.9-2020-q2-update.win32_2.0.0.202105311346/tools/bin/../lib/gcc/arm-none-eabi/9.3.1/thumb/v7e-m+fp/hard\libgcc.a(_udivmoddi4.o)
                0x0000000008000c08                __udivmoddi4
 .text          0x0000000008000ecc        0x4 c:/st/stm32cubeide_1.7.0/stm32cubeide/plugins/com.st.stm32cube.ide.mcu.externaltools.gnu-tools-for-stm32.9-2020-q2-update.win32_2.0.0.202105311346/tools/bin/../lib/gcc/arm-none-eabi/9.3.1/thumb/v7e-m+fp/hard\libgcc.a(_dvmd_tls.o)
                0x0000000008000ecc                __aeabi_idiv0
                0x0000000008000ecc                __aeabi_ldiv0
 *(.text*)
 .text.BlockTillConversionComplete
                0x0000000008000ed0       0x7c ./Core/Src/DallasTemperature.o
 .text.ActivateExternalPullup
                0x0000000008000f4c       0x28 ./Core/Src/DallasTemperature.o
 .text.DeactivateExternalPullup
                0x0000000008000f74       0x28 ./Core/Src/DallasTemperature.o
 .text.DT_SetOneWire
                0x0000000008000f9c       0x4c ./Core/Src/DallasTemperature.o
                0x0000000008000f9c                DT_SetOneWire
 .text.DT_Begin
                0x0000000008000fe8      0x108 ./Core/Src/DallasTemperature.o
                0x0000000008000fe8                DT_Begin
 .text.DT_GetDeviceCount
                0x00000000080010f0       0x18 ./Core/Src/DallasTemperature.o
                0x00000000080010f0                DT_GetDeviceCount
 .text.DT_ValidAddress
                0x0000000008001108       0x2c ./Core/Src/DallasTemperature.o
                0x0000000008001108                DT_ValidAddress
 .text.DT_ValidFamily
                0x0000000008001134       0x4c ./Core/Src/DallasTemperature.o
                0x0000000008001134                DT_ValidFamily
 .text.DT_GetAddress
                0x0000000008001180       0x6c ./Core/Src/DallasTemperature.o
                0x0000000008001180                DT_GetAddress
 .text.DT_IsConnected_ScratchPad
                0x00000000080011ec       0x4a ./Core/Src/DallasTemperature.o
                0x00000000080011ec                DT_IsConnected_ScratchPad
 *fill*         0x0000000008001236        0x2 
 .text.DT_ReadScratchPad
                0x0000000008001238       0x80 ./Core/Src/DallasTemperature.o
                0x0000000008001238                DT_ReadScratchPad
 .text.DT_WriteScratchPad
                0x00000000080012b8       0xb4 ./Core/Src/DallasTemperature.o
                0x00000000080012b8                DT_WriteScratchPad
 .text.DT_ReadPowerSupply
                0x000000000800136c       0xa4 ./Core/Src/DallasTemperature.o
                0x000000000800136c                DT_ReadPowerSupply
 .text.DT_SetResolution
                0x0000000008001410      0x12c ./Core/Src/DallasTemperature.o
                0x0000000008001410                DT_SetResolution
 .text.DT_GetResolution
                0x000000000800153c       0x60 ./Core/Src/DallasTemperature.o
                0x000000000800153c                DT_GetResolution
 .text.DT_IsConversionComplete
                0x000000000800159c       0x34 ./Core/Src/DallasTemperature.o
                0x000000000800159c                DT_IsConversionComplete
 .text.DT_RequestTemperatures
                0x00000000080015d0       0x48 ./Core/Src/DallasTemperature.o
                0x00000000080015d0                DT_RequestTemperatures
 .text.DT_MillisToWaitForConversion
                0x0000000008001618       0x3c ./Core/Src/DallasTemperature.o
                0x0000000008001618                DT_MillisToWaitForConversion
 .text.DT_SaveScratchPad
                0x0000000008001654       0xcc ./Core/Src/DallasTemperature.o
                0x0000000008001654                DT_SaveScratchPad
 .text.DT_GetTempCByIndex
                0x0000000008001720       0x4c ./Core/Src/DallasTemperature.o
                0x0000000008001720                DT_GetTempCByIndex
 .text.DT_CalculateTemperature
                0x000000000800176c       0x6e ./Core/Src/DallasTemperature.o
                0x000000000800176c                DT_CalculateTemperature
 *fill*         0x00000000080017da        0x2 
 .text.DT_GetTemp
                0x00000000080017dc       0x3c ./Core/Src/DallasTemperature.o
                0x00000000080017dc                DT_GetTemp
 .text.DT_GetTempC
                0x0000000008001818       0x28 ./Core/Src/DallasTemperature.o
                0x0000000008001818                DT_GetTempC
 .text.DT_RawToCelsius
                0x0000000008001840       0x44 ./Core/Src/DallasTemperature.o
                0x0000000008001840                DT_RawToCelsius
 .text.Send_Uart
                0x0000000008001884       0x2c ./Core/Src/File_Handling_RTOS.o
                0x0000000008001884                Send_Uart
 .text.Mount_SD
                0x00000000080018b0       0x48 ./Core/Src/File_Handling_RTOS.o
                0x00000000080018b0                Mount_SD
 .text.Unmount_SD
                0x00000000080018f8       0x44 ./Core/Src/File_Handling_RTOS.o
                0x00000000080018f8                Unmount_SD
 .text.Format_SD
                0x000000000800193c       0xcc ./Core/Src/File_Handling_RTOS.o
                0x000000000800193c                Format_SD
 .text.Create_File
                0x0000000008001a08      0x12c ./Core/Src/File_Handling_RTOS.o
                0x0000000008001a08                Create_File
 .text.Update_File
                0x0000000008001b34      0x180 ./Core/Src/File_Handling_RTOS.o
                0x0000000008001b34                Update_File
 .text.OW_UART_Init
                0x0000000008001cb4       0x4a ./Core/Src/OneWire.o
 .text.OW_ToBits
                0x0000000008001cfe       0x50 ./Core/Src/OneWire.o
 .text.OW_ToByte
                0x0000000008001d4e       0x48 ./Core/Src/OneWire.o
 .text.OW_Begin
                0x0000000008001d96       0x2e ./Core/Src/OneWire.o
                0x0000000008001d96                OW_Begin
 .text.OW_Reset
                0x0000000008001dc4       0x68 ./Core/Src/OneWire.o
                0x0000000008001dc4                OW_Reset
 .text.OW_Send  0x0000000008001e2c       0xb8 ./Core/Src/OneWire.o
                0x0000000008001e2c                OW_Send
 .text.OW_SendBits
                0x0000000008001ee4       0x4e ./Core/Src/OneWire.o
 .text.OW_ResetSearch
                0x0000000008001f32       0x46 ./Core/Src/OneWire.o
                0x0000000008001f32                OW_ResetSearch
 .text.OW_Search
                0x0000000008001f78      0x1b8 ./Core/Src/OneWire.o
                0x0000000008001f78                OW_Search
 .text.OW_Crc8  0x0000000008002130       0x5c ./Core/Src/OneWire.o
                0x0000000008002130                OW_Crc8
 .text.vApplicationGetIdleTaskMemory
                0x000000000800218c       0x34 ./Core/Src/freertos.o
                0x000000000800218c                vApplicationGetIdleTaskMemory
 .text.errLED_Task
                0x00000000080021c0       0x80 ./Core/Src/main.o
                0x00000000080021c0                errLED_Task
 .text.LCD_Task
                0x0000000008002240      0x1ac ./Core/Src/main.o
                0x0000000008002240                LCD_Task
 .text.Sensors_Load_Task
                0x00000000080023ec      0x100 ./Core/Src/main.o
                0x00000000080023ec                Sensors_Load_Task
 .text.SDcard_Task
                0x00000000080024ec       0xf8 ./Core/Src/main.o
                0x00000000080024ec                SDcard_Task
 .text.Bluetooth_Task
                0x00000000080025e4       0x30 ./Core/Src/main.o
                0x00000000080025e4                Bluetooth_Task
 .text.Output_update_Task
                0x0000000008002614       0x68 ./Core/Src/main.o
                0x0000000008002614                Output_update_Task
 .text.main     0x000000000800267c      0x15c ./Core/Src/main.o
                0x000000000800267c                main
 .text.SystemClock_Config
                0x00000000080027d8       0xd0 ./Core/Src/main.o
                0x00000000080027d8                SystemClock_Config
 .text.MX_ADC1_Init
                0x00000000080028a8       0xc0 ./Core/Src/main.o
 .text.MX_I2C1_Init
                0x0000000008002968       0x5c ./Core/Src/main.o
 .text.MX_SPI1_Init
                0x00000000080029c4       0x6c ./Core/Src/main.o
 .text.MX_TIM1_Init
                0x0000000008002a30      0x144 ./Core/Src/main.o
 .text.MX_TIM9_Init
                0x0000000008002b74       0x74 ./Core/Src/main.o
 .text.MX_USART1_UART_Init
                0x0000000008002be8       0x54 ./Core/Src/main.o
 .text.MX_USART2_UART_Init
                0x0000000008002c3c       0x54 ./Core/Src/main.o
 .text.MX_DMA_Init
                0x0000000008002c90       0x60 ./Core/Src/main.o
 .text.MX_GPIO_Init
                0x0000000008002cf0      0x130 ./Core/Src/main.o
 .text.StartDefaultTask
                0x0000000008002e20       0x10 ./Core/Src/main.o
                0x0000000008002e20                StartDefaultTask
 .text.HAL_TIM_PeriodElapsedCallback
                0x0000000008002e30       0x24 ./Core/Src/main.o
                0x0000000008002e30                HAL_TIM_PeriodElapsedCallback
 .text.Error_Handler
                0x0000000008002e54        0xa ./Core/Src/main.o
                0x0000000008002e54                Error_Handler
 *fill*         0x0000000008002e5e        0x2 
 .text.SSD1306_Init
                0x0000000008002e60      0x188 ./Core/Src/ssd1306.o
                0x0000000008002e60                SSD1306_Init
 .text.SSD1306_UpdateScreen
                0x0000000008002fe8       0x5c ./Core/Src/ssd1306.o
                0x0000000008002fe8                SSD1306_UpdateScreen
 .text.SSD1306_Fill
                0x0000000008003044       0x30 ./Core/Src/ssd1306.o
                0x0000000008003044                SSD1306_Fill
 .text.SSD1306_DrawPixel
                0x0000000008003074       0xc0 ./Core/Src/ssd1306.o
                0x0000000008003074                SSD1306_DrawPixel
 .text.SSD1306_GotoXY
                0x0000000008003134       0x2c ./Core/Src/ssd1306.o
                0x0000000008003134                SSD1306_GotoXY
 .text.SSD1306_Putc
                0x0000000008003160      0x100 ./Core/Src/ssd1306.o
                0x0000000008003160                SSD1306_Putc
 .text.SSD1306_Puts
                0x0000000008003260       0x4a ./Core/Src/ssd1306.o
                0x0000000008003260                SSD1306_Puts
 .text.SSD1306_Clear
                0x00000000080032aa       0x12 ./Core/Src/ssd1306.o
                0x00000000080032aa                SSD1306_Clear
 .text.ssd1306_I2C_Init
                0x00000000080032bc       0x2c ./Core/Src/ssd1306.o
                0x00000000080032bc                ssd1306_I2C_Init
 .text.ssd1306_I2C_WriteMulti
                0x00000000080032e8       0x90 ./Core/Src/ssd1306.o
                0x00000000080032e8                ssd1306_I2C_WriteMulti
 .text.ssd1306_I2C_Write
                0x0000000008003378       0x3c ./Core/Src/ssd1306.o
                0x0000000008003378                ssd1306_I2C_Write
 .text.HAL_MspInit
                0x00000000080033b4       0x58 ./Core/Src/stm32f4xx_hal_msp.o
                0x00000000080033b4                HAL_MspInit
 .text.HAL_ADC_MspInit
                0x000000000800340c      0x128 ./Core/Src/stm32f4xx_hal_msp.o
                0x000000000800340c                HAL_ADC_MspInit
 .text.HAL_I2C_MspInit
                0x0000000008003534       0x90 ./Core/Src/stm32f4xx_hal_msp.o
                0x0000000008003534                HAL_I2C_MspInit
 .text.HAL_SPI_MspInit
                0x00000000080035c4       0x90 ./Core/Src/stm32f4xx_hal_msp.o
                0x00000000080035c4                HAL_SPI_MspInit
 .text.HAL_TIM_Base_MspInit
                0x0000000008003654       0xac ./Core/Src/stm32f4xx_hal_msp.o
                0x0000000008003654                HAL_TIM_Base_MspInit
 .text.HAL_TIM_MspPostInit
                0x0000000008003700       0x74 ./Core/Src/stm32f4xx_hal_msp.o
                0x0000000008003700                HAL_TIM_MspPostInit
 .text.HAL_UART_MspInit
                0x0000000008003774      0x1d4 ./Core/Src/stm32f4xx_hal_msp.o
                0x0000000008003774                HAL_UART_MspInit
 .text.HAL_InitTick
                0x0000000008003948       0xb4 ./Core/Src/stm32f4xx_hal_timebase_tim.o
                0x0000000008003948                HAL_InitTick
 .text.SDTimer_Handler
                0x00000000080039fc       0x48 ./Core/Src/stm32f4xx_it.o
                0x00000000080039fc                SDTimer_Handler
 .text.NMI_Handler
                0x0000000008003a44        0x6 ./Core/Src/stm32f4xx_it.o
                0x0000000008003a44                NMI_Handler
 .text.HardFault_Handler
                0x0000000008003a4a        0x6 ./Core/Src/stm32f4xx_it.o
                0x0000000008003a4a                HardFault_Handler
 .text.MemManage_Handler
                0x0000000008003a50        0x6 ./Core/Src/stm32f4xx_it.o
                0x0000000008003a50                MemManage_Handler
 .text.BusFault_Handler
                0x0000000008003a56        0x6 ./Core/Src/stm32f4xx_it.o
                0x0000000008003a56                BusFault_Handler
 .text.UsageFault_Handler
                0x0000000008003a5c        0x6 ./Core/Src/stm32f4xx_it.o
                0x0000000008003a5c                UsageFault_Handler
 .text.DebugMon_Handler
                0x0000000008003a62        0xe ./Core/Src/stm32f4xx_it.o
                0x0000000008003a62                DebugMon_Handler
 .text.TIM1_BRK_TIM9_IRQHandler
                0x0000000008003a70       0x1c ./Core/Src/stm32f4xx_it.o
                0x0000000008003a70                TIM1_BRK_TIM9_IRQHandler
 .text.TIM1_UP_TIM10_IRQHandler
                0x0000000008003a8c       0x14 ./Core/Src/stm32f4xx_it.o
                0x0000000008003a8c                TIM1_UP_TIM10_IRQHandler
 .text.TIM1_TRG_COM_TIM11_IRQHandler
                0x0000000008003aa0       0x14 ./Core/Src/stm32f4xx_it.o
                0x0000000008003aa0                TIM1_TRG_COM_TIM11_IRQHandler
 .text.USART1_IRQHandler
                0x0000000008003ab4       0x14 ./Core/Src/stm32f4xx_it.o
                0x0000000008003ab4                USART1_IRQHandler
 .text.TIM5_IRQHandler
                0x0000000008003ac8       0x38 ./Core/Src/stm32f4xx_it.o
                0x0000000008003ac8                TIM5_IRQHandler
 .text.DMA2_Stream0_IRQHandler
                0x0000000008003b00       0x14 ./Core/Src/stm32f4xx_it.o
                0x0000000008003b00                DMA2_Stream0_IRQHandler
 .text.DMA2_Stream2_IRQHandler
                0x0000000008003b14       0x14 ./Core/Src/stm32f4xx_it.o
                0x0000000008003b14                DMA2_Stream2_IRQHandler
 .text.DMA2_Stream7_IRQHandler
                0x0000000008003b28       0x14 ./Core/Src/stm32f4xx_it.o
                0x0000000008003b28                DMA2_Stream7_IRQHandler
 .text._getpid  0x0000000008003b3c       0x10 ./Core/Src/syscalls.o
                0x0000000008003b3c                _getpid
 .text._kill    0x0000000008003b4c       0x20 ./Core/Src/syscalls.o
                0x0000000008003b4c                _kill
 .text._exit    0x0000000008003b6c       0x14 ./Core/Src/syscalls.o
                0x0000000008003b6c                _exit
 .text._read    0x0000000008003b80       0x3a ./Core/Src/syscalls.o
                0x0000000008003b80                _read
 .text._write   0x0000000008003bba       0x38 ./Core/Src/syscalls.o
                0x0000000008003bba                _write
 .text._close   0x0000000008003bf2       0x18 ./Core/Src/syscalls.o
                0x0000000008003bf2                _close
 .text._fstat   0x0000000008003c0a       0x20 ./Core/Src/syscalls.o
                0x0000000008003c0a                _fstat
 .text._isatty  0x0000000008003c2a       0x16 ./Core/Src/syscalls.o
                0x0000000008003c2a                _isatty
 .text._lseek   0x0000000008003c40       0x1a ./Core/Src/syscalls.o
                0x0000000008003c40                _lseek
 *fill*         0x0000000008003c5a        0x2 
 .text._sbrk    0x0000000008003c5c       0x6c ./Core/Src/sysmem.o
                0x0000000008003c5c                _sbrk
 .text.SystemInit
                0x0000000008003cc8       0x24 ./Core/Src/system_stm32f4xx.o
                0x0000000008003cc8                SystemInit
 .text.Reset_Handler
                0x0000000008003cec       0x50 ./Core/Startup/startup_stm32f411retx.o
                0x0000000008003cec                Reset_Handler
 .text.Default_Handler
                0x0000000008003d3c        0x2 ./Core/Startup/startup_stm32f411retx.o
                0x0000000008003d3c                RTC_Alarm_IRQHandler
                0x0000000008003d3c                EXTI2_IRQHandler
                0x0000000008003d3c                SPI4_IRQHandler
                0x0000000008003d3c                TIM1_CC_IRQHandler
                0x0000000008003d3c                DMA2_Stream5_IRQHandler
                0x0000000008003d3c                DMA1_Stream5_IRQHandler
                0x0000000008003d3c                PVD_IRQHandler
                0x0000000008003d3c                SDIO_IRQHandler
                0x0000000008003d3c                TAMP_STAMP_IRQHandler
                0x0000000008003d3c                EXTI3_IRQHandler
                0x0000000008003d3c                I2C3_ER_IRQHandler
                0x0000000008003d3c                EXTI0_IRQHandler
                0x0000000008003d3c                I2C2_EV_IRQHandler
                0x0000000008003d3c                DMA1_Stream2_IRQHandler
                0x0000000008003d3c                FPU_IRQHandler
                0x0000000008003d3c                SPI1_IRQHandler
                0x0000000008003d3c                DMA2_Stream3_IRQHandler
                0x0000000008003d3c                USART6_IRQHandler
                0x0000000008003d3c                TIM4_IRQHandler
                0x0000000008003d3c                I2C1_EV_IRQHandler
                0x0000000008003d3c                DMA1_Stream6_IRQHandler
                0x0000000008003d3c                DMA1_Stream1_IRQHandler
                0x0000000008003d3c                TIM3_IRQHandler
                0x0000000008003d3c                RCC_IRQHandler
                0x0000000008003d3c                Default_Handler
                0x0000000008003d3c                EXTI15_10_IRQHandler
                0x0000000008003d3c                ADC_IRQHandler
                0x0000000008003d3c                DMA1_Stream7_IRQHandler
                0x0000000008003d3c                SPI5_IRQHandler
                0x0000000008003d3c                I2C3_EV_IRQHandler
                0x0000000008003d3c                EXTI9_5_IRQHandler
                0x0000000008003d3c                RTC_WKUP_IRQHandler
                0x0000000008003d3c                SPI2_IRQHandler
                0x0000000008003d3c                DMA1_Stream0_IRQHandler
                0x0000000008003d3c                EXTI4_IRQHandler
                0x0000000008003d3c                WWDG_IRQHandler
                0x0000000008003d3c                TIM2_IRQHandler
                0x0000000008003d3c                OTG_FS_WKUP_IRQHandler
                0x0000000008003d3c                EXTI1_IRQHandler
                0x0000000008003d3c                USART2_IRQHandler
                0x0000000008003d3c                I2C2_ER_IRQHandler
                0x0000000008003d3c                DMA2_Stream1_IRQHandler
                0x0000000008003d3c                FLASH_IRQHandler
                0x0000000008003d3c                DMA2_Stream4_IRQHandler
                0x0000000008003d3c                OTG_FS_IRQHandler
                0x0000000008003d3c                SPI3_IRQHandler
                0x0000000008003d3c                DMA1_Stream4_IRQHandler
                0x0000000008003d3c                I2C1_ER_IRQHandler
                0x0000000008003d3c                DMA2_Stream6_IRQHandler
                0x0000000008003d3c                DMA1_Stream3_IRQHandler
 *fill*         0x0000000008003d3e        0x2 
 .text.HAL_Init
                0x0000000008003d40       0x44 ./Drivers/STM32F4xx_HAL_Driver/Src/stm32f4xx_hal.o
                0x0000000008003d40                HAL_Init
 .text.HAL_IncTick
                0x0000000008003d84       0x28 ./Drivers/STM32F4xx_HAL_Driver/Src/stm32f4xx_hal.o
                0x0000000008003d84                HAL_IncTick
 .text.HAL_GetTick
                0x0000000008003dac       0x18 ./Drivers/STM32F4xx_HAL_Driver/Src/stm32f4xx_hal.o
                0x0000000008003dac                HAL_GetTick
 .text.HAL_Delay
                0x0000000008003dc4       0x48 ./Drivers/STM32F4xx_HAL_Driver/Src/stm32f4xx_hal.o
                0x0000000008003dc4                HAL_Delay
 .text.HAL_ADC_Init
                0x0000000008003e0c       0x86 ./Drivers/STM32F4xx_HAL_Driver/Src/stm32f4xx_hal_adc.o
                0x0000000008003e0c                HAL_ADC_Init
 *fill*         0x0000000008003e92        0x2 
 .text.HAL_ADC_Start_DMA
                0x0000000008003e94      0x1e0 ./Drivers/STM32F4xx_HAL_Driver/Src/stm32f4xx_hal_adc.o
                0x0000000008003e94                HAL_ADC_Start_DMA
 .text.HAL_ADC_ConvCpltCallback
                0x0000000008004074       0x14 ./Drivers/STM32F4xx_HAL_Driver/Src/stm32f4xx_hal_adc.o
                0x0000000008004074                HAL_ADC_ConvCpltCallback
 .text.HAL_ADC_ConvHalfCpltCallback
                0x0000000008004088       0x14 ./Drivers/STM32F4xx_HAL_Driver/Src/stm32f4xx_hal_adc.o
                0x0000000008004088                HAL_ADC_ConvHalfCpltCallback
 .text.HAL_ADC_ErrorCallback
                0x000000000800409c       0x14 ./Drivers/STM32F4xx_HAL_Driver/Src/stm32f4xx_hal_adc.o
                0x000000000800409c                HAL_ADC_ErrorCallback
 .text.HAL_ADC_ConfigChannel
                0x00000000080040b0      0x264 ./Drivers/STM32F4xx_HAL_Driver/Src/stm32f4xx_hal_adc.o
                0x00000000080040b0                HAL_ADC_ConfigChannel
 .text.ADC_Init
                0x0000000008004314      0x1f8 ./Drivers/STM32F4xx_HAL_Driver/Src/stm32f4xx_hal_adc.o
 .text.ADC_DMAConvCplt
                0x000000000800450c       0xba ./Drivers/STM32F4xx_HAL_Driver/Src/stm32f4xx_hal_adc.o
 .text.ADC_DMAHalfConvCplt
                0x00000000080045c6       0x1c ./Drivers/STM32F4xx_HAL_Driver/Src/stm32f4xx_hal_adc.o
 .text.ADC_DMAError
                0x00000000080045e2       0x2e ./Drivers/STM32F4xx_HAL_Driver/Src/stm32f4xx_hal_adc.o
 .text.__NVIC_SetPriorityGrouping
                0x0000000008004610       0x48 ./Drivers/STM32F4xx_HAL_Driver/Src/stm32f4xx_hal_cortex.o
 .text.__NVIC_GetPriorityGrouping
                0x0000000008004658       0x1c ./Drivers/STM32F4xx_HAL_Driver/Src/stm32f4xx_hal_cortex.o
 .text.__NVIC_EnableIRQ
                0x0000000008004674       0x3c ./Drivers/STM32F4xx_HAL_Driver/Src/stm32f4xx_hal_cortex.o
 .text.__NVIC_SetPriority
                0x00000000080046b0       0x54 ./Drivers/STM32F4xx_HAL_Driver/Src/stm32f4xx_hal_cortex.o
 .text.NVIC_EncodePriority
                0x0000000008004704       0x66 ./Drivers/STM32F4xx_HAL_Driver/Src/stm32f4xx_hal_cortex.o
 .text.HAL_NVIC_SetPriorityGrouping
                0x000000000800476a       0x16 ./Drivers/STM32F4xx_HAL_Driver/Src/stm32f4xx_hal_cortex.o
                0x000000000800476a                HAL_NVIC_SetPriorityGrouping
 .text.HAL_NVIC_SetPriority
                0x0000000008004780       0x38 ./Drivers/STM32F4xx_HAL_Driver/Src/stm32f4xx_hal_cortex.o
                0x0000000008004780                HAL_NVIC_SetPriority
 .text.HAL_NVIC_EnableIRQ
                0x00000000080047b8       0x1c ./Drivers/STM32F4xx_HAL_Driver/Src/stm32f4xx_hal_cortex.o
                0x00000000080047b8                HAL_NVIC_EnableIRQ
 .text.HAL_DMA_Init
                0x00000000080047d4      0x15c ./Drivers/STM32F4xx_HAL_Driver/Src/stm32f4xx_hal_dma.o
                0x00000000080047d4                HAL_DMA_Init
 .text.HAL_DMA_Start_IT
                0x0000000008004930       0xb0 ./Drivers/STM32F4xx_HAL_Driver/Src/stm32f4xx_hal_dma.o
                0x0000000008004930                HAL_DMA_Start_IT
 .text.HAL_DMA_Abort
                0x00000000080049e0       0xe0 ./Drivers/STM32F4xx_HAL_Driver/Src/stm32f4xx_hal_dma.o
                0x00000000080049e0                HAL_DMA_Abort
 .text.HAL_DMA_Abort_IT
                0x0000000008004ac0       0x44 ./Drivers/STM32F4xx_HAL_Driver/Src/stm32f4xx_hal_dma.o
                0x0000000008004ac0                HAL_DMA_Abort_IT
 .text.HAL_DMA_IRQHandler
                0x0000000008004b04      0x314 ./Drivers/STM32F4xx_HAL_Driver/Src/stm32f4xx_hal_dma.o
                0x0000000008004b04                HAL_DMA_IRQHandler
 .text.DMA_SetConfig
                0x0000000008004e18       0x5c ./Drivers/STM32F4xx_HAL_Driver/Src/stm32f4xx_hal_dma.o
 .text.DMA_CalcBaseAndBitshift
                0x0000000008004e74       0x6c ./Drivers/STM32F4xx_HAL_Driver/Src/stm32f4xx_hal_dma.o
 .text.DMA_CheckFifoParam
                0x0000000008004ee0       0xf8 ./Drivers/STM32F4xx_HAL_Driver/Src/stm32f4xx_hal_dma.o
 .text.HAL_GPIO_Init
                0x0000000008004fd8      0x308 ./Drivers/STM32F4xx_HAL_Driver/Src/stm32f4xx_hal_gpio.o
                0x0000000008004fd8                HAL_GPIO_Init
 .text.HAL_GPIO_ReadPin
                0x00000000080052e0       0x30 ./Drivers/STM32F4xx_HAL_Driver/Src/stm32f4xx_hal_gpio.o
                0x00000000080052e0                HAL_GPIO_ReadPin
 .text.HAL_GPIO_WritePin
                0x0000000008005310       0x32 ./Drivers/STM32F4xx_HAL_Driver/Src/stm32f4xx_hal_gpio.o
                0x0000000008005310                HAL_GPIO_WritePin
 .text.HAL_GPIO_TogglePin
                0x0000000008005342       0x34 ./Drivers/STM32F4xx_HAL_Driver/Src/stm32f4xx_hal_gpio.o
                0x0000000008005342                HAL_GPIO_TogglePin
 *fill*         0x0000000008005376        0x2 
 .text.HAL_I2C_Init
                0x0000000008005378      0x288 ./Drivers/STM32F4xx_HAL_Driver/Src/stm32f4xx_hal_i2c.o
                0x0000000008005378                HAL_I2C_Init
 .text.HAL_I2C_Master_Transmit
                0x0000000008005600      0x1fc ./Drivers/STM32F4xx_HAL_Driver/Src/stm32f4xx_hal_i2c.o
                0x0000000008005600                HAL_I2C_Master_Transmit
 .text.HAL_I2C_IsDeviceReady
                0x00000000080057fc      0x25c ./Drivers/STM32F4xx_HAL_Driver/Src/stm32f4xx_hal_i2c.o
                0x00000000080057fc                HAL_I2C_IsDeviceReady
 .text.I2C_MasterRequestWrite
                0x0000000008005a58      0x104 ./Drivers/STM32F4xx_HAL_Driver/Src/stm32f4xx_hal_i2c.o
 .text.I2C_WaitOnFlagUntilTimeout
                0x0000000008005b5c       0xae ./Drivers/STM32F4xx_HAL_Driver/Src/stm32f4xx_hal_i2c.o
 .text.I2C_WaitOnMasterAddressFlagUntilTimeout
                0x0000000008005c0a       0xfe ./Drivers/STM32F4xx_HAL_Driver/Src/stm32f4xx_hal_i2c.o
 .text.I2C_WaitOnTXEFlagUntilTimeout
                0x0000000008005d08       0x82 ./Drivers/STM32F4xx_HAL_Driver/Src/stm32f4xx_hal_i2c.o
 .text.I2C_WaitOnBTFFlagUntilTimeout
                0x0000000008005d8a       0x82 ./Drivers/STM32F4xx_HAL_Driver/Src/stm32f4xx_hal_i2c.o
 .text.I2C_IsAcknowledgeFailed
                0x0000000008005e0c       0x5e ./Drivers/STM32F4xx_HAL_Driver/Src/stm32f4xx_hal_i2c.o
 *fill*         0x0000000008005e6a        0x2 
 .text.HAL_RCC_OscConfig
                0x0000000008005e6c      0x4f0 ./Drivers/STM32F4xx_HAL_Driver/Src/stm32f4xx_hal_rcc.o
                0x0000000008005e6c                HAL_RCC_OscConfig
 .text.HAL_RCC_ClockConfig
                0x000000000800635c      0x1cc ./Drivers/STM32F4xx_HAL_Driver/Src/stm32f4xx_hal_rcc.o
                0x000000000800635c                HAL_RCC_ClockConfig
 .text.HAL_RCC_GetSysClockFreq
                0x0000000008006528      0x1c4 ./Drivers/STM32F4xx_HAL_Driver/Src/stm32f4xx_hal_rcc.o
                0x0000000008006528                HAL_RCC_GetSysClockFreq
 .text.HAL_RCC_GetHCLKFreq
                0x00000000080066ec       0x18 ./Drivers/STM32F4xx_HAL_Driver/Src/stm32f4xx_hal_rcc.o
                0x00000000080066ec                HAL_RCC_GetHCLKFreq
 .text.HAL_RCC_GetPCLK1Freq
                0x0000000008006704       0x28 ./Drivers/STM32F4xx_HAL_Driver/Src/stm32f4xx_hal_rcc.o
                0x0000000008006704                HAL_RCC_GetPCLK1Freq
 .text.HAL_RCC_GetPCLK2Freq
                0x000000000800672c       0x28 ./Drivers/STM32F4xx_HAL_Driver/Src/stm32f4xx_hal_rcc.o
                0x000000000800672c                HAL_RCC_GetPCLK2Freq
 .text.HAL_RCC_GetClockConfig
                0x0000000008006754       0x64 ./Drivers/STM32F4xx_HAL_Driver/Src/stm32f4xx_hal_rcc.o
                0x0000000008006754                HAL_RCC_GetClockConfig
 .text.HAL_SPI_Init
                0x00000000080067b8      0x112 ./Drivers/STM32F4xx_HAL_Driver/Src/stm32f4xx_hal_spi.o
                0x00000000080067b8                HAL_SPI_Init
 .text.HAL_TIM_Base_Init
                0x00000000080068ca       0x9e ./Drivers/STM32F4xx_HAL_Driver/Src/stm32f4xx_hal_tim.o
                0x00000000080068ca                HAL_TIM_Base_Init
 .text.HAL_TIM_Base_Start
                0x0000000008006968       0xb4 ./Drivers/STM32F4xx_HAL_Driver/Src/stm32f4xx_hal_tim.o
                0x0000000008006968                HAL_TIM_Base_Start
 .text.HAL_TIM_Base_Start_IT
                0x0000000008006a1c       0xc4 ./Drivers/STM32F4xx_HAL_Driver/Src/stm32f4xx_hal_tim.o
                0x0000000008006a1c                HAL_TIM_Base_Start_IT
 .text.HAL_TIM_PWM_Init
                0x0000000008006ae0       0x9e ./Drivers/STM32F4xx_HAL_Driver/Src/stm32f4xx_hal_tim.o
                0x0000000008006ae0                HAL_TIM_PWM_Init
 .text.HAL_TIM_PWM_MspInit
                0x0000000008006b7e       0x14 ./Drivers/STM32F4xx_HAL_Driver/Src/stm32f4xx_hal_tim.o
                0x0000000008006b7e                HAL_TIM_PWM_MspInit
 .text.HAL_TIM_IRQHandler
                0x0000000008006b92      0x210 ./Drivers/STM32F4xx_HAL_Driver/Src/stm32f4xx_hal_tim.o
                0x0000000008006b92                HAL_TIM_IRQHandler
 *fill*         0x0000000008006da2        0x2 
 .text.HAL_TIM_PWM_ConfigChannel
                0x0000000008006da4      0x184 ./Drivers/STM32F4xx_HAL_Driver/Src/stm32f4xx_hal_tim.o
                0x0000000008006da4                HAL_TIM_PWM_ConfigChannel
 .text.HAL_TIM_ConfigClockSource
                0x0000000008006f28      0x18e ./Drivers/STM32F4xx_HAL_Driver/Src/stm32f4xx_hal_tim.o
                0x0000000008006f28                HAL_TIM_ConfigClockSource
 .text.HAL_TIM_OC_DelayElapsedCallback
                0x00000000080070b6       0x14 ./Drivers/STM32F4xx_HAL_Driver/Src/stm32f4xx_hal_tim.o
                0x00000000080070b6                HAL_TIM_OC_DelayElapsedCallback
 .text.HAL_TIM_IC_CaptureCallback
                0x00000000080070ca       0x14 ./Drivers/STM32F4xx_HAL_Driver/Src/stm32f4xx_hal_tim.o
                0x00000000080070ca                HAL_TIM_IC_CaptureCallback
 .text.HAL_TIM_PWM_PulseFinishedCallback
                0x00000000080070de       0x14 ./Drivers/STM32F4xx_HAL_Driver/Src/stm32f4xx_hal_tim.o
                0x00000000080070de                HAL_TIM_PWM_PulseFinishedCallback
 .text.HAL_TIM_TriggerCallback
                0x00000000080070f2       0x14 ./Drivers/STM32F4xx_HAL_Driver/Src/stm32f4xx_hal_tim.o
                0x00000000080070f2                HAL_TIM_TriggerCallback
 *fill*         0x0000000008007106        0x2 
 .text.TIM_Base_SetConfig
                0x0000000008007108      0x100 ./Drivers/STM32F4xx_HAL_Driver/Src/stm32f4xx_hal_tim.o
                0x0000000008007108                TIM_Base_SetConfig
 .text.TIM_OC1_SetConfig
                0x0000000008007208       0xcc ./Drivers/STM32F4xx_HAL_Driver/Src/stm32f4xx_hal_tim.o
 .text.TIM_OC2_SetConfig
                0x00000000080072d4       0xd8 ./Drivers/STM32F4xx_HAL_Driver/Src/stm32f4xx_hal_tim.o
                0x00000000080072d4                TIM_OC2_SetConfig
 .text.TIM_OC3_SetConfig
                0x00000000080073ac       0xd4 ./Drivers/STM32F4xx_HAL_Driver/Src/stm32f4xx_hal_tim.o
 .text.TIM_OC4_SetConfig
                0x0000000008007480       0xa0 ./Drivers/STM32F4xx_HAL_Driver/Src/stm32f4xx_hal_tim.o
 .text.TIM_TI1_ConfigInputStage
                0x0000000008007520       0x5e ./Drivers/STM32F4xx_HAL_Driver/Src/stm32f4xx_hal_tim.o
 .text.TIM_TI2_ConfigInputStage
                0x000000000800757e       0x60 ./Drivers/STM32F4xx_HAL_Driver/Src/stm32f4xx_hal_tim.o
 .text.TIM_ITRx_SetConfig
                0x00000000080075de       0x36 ./Drivers/STM32F4xx_HAL_Driver/Src/stm32f4xx_hal_tim.o
 .text.TIM_ETR_SetConfig
                0x0000000008007614       0x40 ./Drivers/STM32F4xx_HAL_Driver/Src/stm32f4xx_hal_tim.o
                0x0000000008007614                TIM_ETR_SetConfig
 .text.HAL_TIMEx_MasterConfigSynchronization
                0x0000000008007654       0xdc ./Drivers/STM32F4xx_HAL_Driver/Src/stm32f4xx_hal_tim_ex.o
                0x0000000008007654                HAL_TIMEx_MasterConfigSynchronization
 .text.HAL_TIMEx_ConfigBreakDeadTime
                0x0000000008007730       0xa4 ./Drivers/STM32F4xx_HAL_Driver/Src/stm32f4xx_hal_tim_ex.o
                0x0000000008007730                HAL_TIMEx_ConfigBreakDeadTime
 .text.HAL_TIMEx_CommutCallback
                0x00000000080077d4       0x14 ./Drivers/STM32F4xx_HAL_Driver/Src/stm32f4xx_hal_tim_ex.o
                0x00000000080077d4                HAL_TIMEx_CommutCallback
 .text.HAL_TIMEx_BreakCallback
                0x00000000080077e8       0x14 ./Drivers/STM32F4xx_HAL_Driver/Src/stm32f4xx_hal_tim_ex.o
                0x00000000080077e8                HAL_TIMEx_BreakCallback
 .text.HAL_UART_Init
                0x00000000080077fc       0x9a ./Drivers/STM32F4xx_HAL_Driver/Src/stm32f4xx_hal_uart.o
                0x00000000080077fc                HAL_UART_Init
 .text.HAL_HalfDuplex_Init
                0x0000000008007896       0xaa ./Drivers/STM32F4xx_HAL_Driver/Src/stm32f4xx_hal_uart.o
                0x0000000008007896                HAL_HalfDuplex_Init
 .text.HAL_UART_Transmit
                0x0000000008007940      0x124 ./Drivers/STM32F4xx_HAL_Driver/Src/stm32f4xx_hal_uart.o
                0x0000000008007940                HAL_UART_Transmit
 .text.HAL_UART_Transmit_DMA
                0x0000000008007a64       0xfc ./Drivers/STM32F4xx_HAL_Driver/Src/stm32f4xx_hal_uart.o
                0x0000000008007a64                HAL_UART_Transmit_DMA
 .text.HAL_UART_Receive_DMA
                0x0000000008007b60       0x60 ./Drivers/STM32F4xx_HAL_Driver/Src/stm32f4xx_hal_uart.o
                0x0000000008007b60                HAL_UART_Receive_DMA
 .text.HAL_UART_IRQHandler
                0x0000000008007bc0      0x51c ./Drivers/STM32F4xx_HAL_Driver/Src/stm32f4xx_hal_uart.o
                0x0000000008007bc0                HAL_UART_IRQHandler
 .text.HAL_UART_TxCpltCallback
                0x00000000080080dc       0x14 ./Drivers/STM32F4xx_HAL_Driver/Src/stm32f4xx_hal_uart.o
                0x00000000080080dc                HAL_UART_TxCpltCallback
 .text.HAL_UART_TxHalfCpltCallback
                0x00000000080080f0       0x14 ./Drivers/STM32F4xx_HAL_Driver/Src/stm32f4xx_hal_uart.o
                0x00000000080080f0                HAL_UART_TxHalfCpltCallback
 .text.HAL_UART_RxCpltCallback
                0x0000000008008104       0x14 ./Drivers/STM32F4xx_HAL_Driver/Src/stm32f4xx_hal_uart.o
                0x0000000008008104                HAL_UART_RxCpltCallback
 .text.HAL_UART_RxHalfCpltCallback
                0x0000000008008118       0x14 ./Drivers/STM32F4xx_HAL_Driver/Src/stm32f4xx_hal_uart.o
                0x0000000008008118                HAL_UART_RxHalfCpltCallback
 .text.HAL_UART_ErrorCallback
                0x000000000800812c       0x14 ./Drivers/STM32F4xx_HAL_Driver/Src/stm32f4xx_hal_uart.o
                0x000000000800812c                HAL_UART_ErrorCallback
 .text.HAL_UARTEx_RxEventCallback
                0x0000000008008140       0x18 ./Drivers/STM32F4xx_HAL_Driver/Src/stm32f4xx_hal_uart.o
                0x0000000008008140                HAL_UARTEx_RxEventCallback
 .text.HAL_UART_GetState
                0x0000000008008158       0x3c ./Drivers/STM32F4xx_HAL_Driver/Src/stm32f4xx_hal_uart.o
                0x0000000008008158                HAL_UART_GetState
 .text.UART_DMATransmitCplt
                0x0000000008008194       0x9a ./Drivers/STM32F4xx_HAL_Driver/Src/stm32f4xx_hal_uart.o
 .text.UART_DMATxHalfCplt
                0x000000000800822e       0x1c ./Drivers/STM32F4xx_HAL_Driver/Src/stm32f4xx_hal_uart.o
 .text.UART_DMAReceiveCplt
                0x000000000800824a      0x126 ./Drivers/STM32F4xx_HAL_Driver/Src/stm32f4xx_hal_uart.o
 .text.UART_DMARxHalfCplt
                0x0000000008008370       0x36 ./Drivers/STM32F4xx_HAL_Driver/Src/stm32f4xx_hal_uart.o
 .text.UART_DMAError
                0x00000000080083a6       0x94 ./Drivers/STM32F4xx_HAL_Driver/Src/stm32f4xx_hal_uart.o
 .text.UART_WaitOnFlagUntilTimeout
                0x000000000800843a       0xdc ./Drivers/STM32F4xx_HAL_Driver/Src/stm32f4xx_hal_uart.o
 *fill*         0x0000000008008516        0x2 
 .text.UART_Start_Receive_DMA
                0x0000000008008518      0x134 ./Drivers/STM32F4xx_HAL_Driver/Src/stm32f4xx_hal_uart.o
                0x0000000008008518                UART_Start_Receive_DMA
 .text.UART_EndTxTransfer
                0x000000000800864c       0x50 ./Drivers/STM32F4xx_HAL_Driver/Src/stm32f4xx_hal_uart.o
 .text.UART_EndRxTransfer
                0x000000000800869c       0xc6 ./Drivers/STM32F4xx_HAL_Driver/Src/stm32f4xx_hal_uart.o
 .text.UART_DMAAbortOnError
                0x0000000008008762       0x28 ./Drivers/STM32F4xx_HAL_Driver/Src/stm32f4xx_hal_uart.o
 .text.UART_Transmit_IT
                0x000000000800878a       0xa0 ./Drivers/STM32F4xx_HAL_Driver/Src/stm32f4xx_hal_uart.o
 .text.UART_EndTransmit_IT
                0x000000000800882a       0x30 ./Drivers/STM32F4xx_HAL_Driver/Src/stm32f4xx_hal_uart.o
 .text.UART_Receive_IT
                0x000000000800885a      0x176 ./Drivers/STM32F4xx_HAL_Driver/Src/stm32f4xx_hal_uart.o
 .text.UART_SetConfig
                0x00000000080089d0      0x390 ./Drivers/STM32F4xx_HAL_Driver/Src/stm32f4xx_hal_uart.o
 .text.MX_FATFS_Init
                0x0000000008008d60       0x24 ./FATFS/App/fatfs.o
                0x0000000008008d60                MX_FATFS_Init
 .text.get_fattime
                0x0000000008008d84       0x10 ./FATFS/App/fatfs.o
                0x0000000008008d84                get_fattime
 .text.USER_initialize
                0x0000000008008d94       0x28 ./FATFS/Target/user_diskio.o
                0x0000000008008d94                USER_initialize
 .text.USER_status
                0x0000000008008dbc       0x28 ./FATFS/Target/user_diskio.o
                0x0000000008008dbc                USER_status
 .text.USER_read
                0x0000000008008de4       0x1e ./FATFS/Target/user_diskio.o
                0x0000000008008de4                USER_read
 .text.USER_write
                0x0000000008008e02       0x1e ./FATFS/Target/user_diskio.o
                0x0000000008008e02                USER_write
 .text.USER_ioctl
                0x0000000008008e20       0x22 ./FATFS/Target/user_diskio.o
                0x0000000008008e20                USER_ioctl
 *fill*         0x0000000008008e42        0x2 
 .text.disk_status
                0x0000000008008e44       0x34 ./Middlewares/Third_Party/FatFs/src/diskio.o
                0x0000000008008e44                disk_status
 .text.disk_initialize
                0x0000000008008e78       0x4c ./Middlewares/Third_Party/FatFs/src/diskio.o
                0x0000000008008e78                disk_initialize
 .text.disk_read
                0x0000000008008ec4       0x40 ./Middlewares/Third_Party/FatFs/src/diskio.o
                0x0000000008008ec4                disk_read
 .text.disk_write
                0x0000000008008f04       0x40 ./Middlewares/Third_Party/FatFs/src/diskio.o
                0x0000000008008f04                disk_write
 .text.disk_ioctl
                0x0000000008008f44       0x3c ./Middlewares/Third_Party/FatFs/src/diskio.o
                0x0000000008008f44                disk_ioctl
 .text.ld_word  0x0000000008008f80       0x30 ./Middlewares/Third_Party/FatFs/src/ff.o
 .text.ld_dword
                0x0000000008008fb0       0x46 ./Middlewares/Third_Party/FatFs/src/ff.o
 .text.st_word  0x0000000008008ff6       0x36 ./Middlewares/Third_Party/FatFs/src/ff.o
 .text.st_dword
                0x000000000800902c       0x58 ./Middlewares/Third_Party/FatFs/src/ff.o
 .text.mem_cpy  0x0000000008009084       0x42 ./Middlewares/Third_Party/FatFs/src/ff.o
 .text.mem_set  0x00000000080090c6       0x36 ./Middlewares/Third_Party/FatFs/src/ff.o
 .text.mem_cmp  0x00000000080090fc       0x4e ./Middlewares/Third_Party/FatFs/src/ff.o
 .text.chk_chr  0x000000000800914a       0x36 ./Middlewares/Third_Party/FatFs/src/ff.o
 .text.lock_fs  0x0000000008009180       0x2c ./Middlewares/Third_Party/FatFs/src/ff.o
 .text.unlock_fs
                0x00000000080091ac       0x36 ./Middlewares/Third_Party/FatFs/src/ff.o
 *fill*         0x00000000080091e2        0x2 
 .text.chk_lock
                0x00000000080091e4       0xb8 ./Middlewares/Third_Party/FatFs/src/ff.o
 .text.enq_lock
                0x000000000800929c       0x44 ./Middlewares/Third_Party/FatFs/src/ff.o
 .text.inc_lock
                0x00000000080092e0      0x11c ./Middlewares/Third_Party/FatFs/src/ff.o
 .text.dec_lock
                0x00000000080093fc       0x78 ./Middlewares/Third_Party/FatFs/src/ff.o
 .text.clear_lock
                0x0000000008009474       0x48 ./Middlewares/Third_Party/FatFs/src/ff.o
 .text.sync_window
                0x00000000080094bc       0x88 ./Middlewares/Third_Party/FatFs/src/ff.o
 .text.move_window
                0x0000000008009544       0x5a ./Middlewares/Third_Party/FatFs/src/ff.o
 *fill*         0x000000000800959e        0x2 
 .text.sync_fs  0x00000000080095a0       0xe0 ./Middlewares/Third_Party/FatFs/src/ff.o
 .text.clust2sect
                0x0000000008009680       0x3e ./Middlewares/Third_Party/FatFs/src/ff.o
 .text.get_fat  0x00000000080096be      0x1a8 ./Middlewares/Third_Party/FatFs/src/ff.o
 .text.put_fat  0x0000000008009866      0x238 ./Middlewares/Third_Party/FatFs/src/ff.o
 .text.remove_chain
                0x0000000008009a9e       0xca ./Middlewares/Third_Party/FatFs/src/ff.o
 .text.create_chain
                0x0000000008009b68      0x130 ./Middlewares/Third_Party/FatFs/src/ff.o
 .text.clmt_clust
                0x0000000008009c98       0x70 ./Middlewares/Third_Party/FatFs/src/ff.o
 .text.dir_sdi  0x0000000008009d08      0x112 ./Middlewares/Third_Party/FatFs/src/ff.o
 .text.dir_next
                0x0000000008009e1a      0x1ac ./Middlewares/Third_Party/FatFs/src/ff.o
 .text.dir_alloc
                0x0000000008009fc6       0x8e ./Middlewares/Third_Party/FatFs/src/ff.o
 .text.ld_clust
                0x000000000800a054       0x3e ./Middlewares/Third_Party/FatFs/src/ff.o
 .text.st_clust
                0x000000000800a092       0x40 ./Middlewares/Third_Party/FatFs/src/ff.o
 .text.dir_read
                0x000000000800a0d2       0xba ./Middlewares/Third_Party/FatFs/src/ff.o
 .text.dir_find
                0x000000000800a18c       0xaa ./Middlewares/Third_Party/FatFs/src/ff.o
 .text.dir_register
                0x000000000800a236       0x64 ./Middlewares/Third_Party/FatFs/src/ff.o
 .text.dir_remove
                0x000000000800a29a       0x3c ./Middlewares/Third_Party/FatFs/src/ff.o
 .text.get_fileinfo
                0x000000000800a2d6       0xbe ./Middlewares/Third_Party/FatFs/src/ff.o
 .text.create_name
                0x000000000800a394      0x128 ./Middlewares/Third_Party/FatFs/src/ff.o
 .text.follow_path
                0x000000000800a4bc       0xec ./Middlewares/Third_Party/FatFs/src/ff.o
 .text.get_ldnumber
                0x000000000800a5a8       0x88 ./Middlewares/Third_Party/FatFs/src/ff.o
 .text.check_fs
                0x000000000800a630       0xac ./Middlewares/Third_Party/FatFs/src/ff.o
 .text.find_volume
                0x000000000800a6dc      0x514 ./Middlewares/Third_Party/FatFs/src/ff.o
 .text.validate
                0x000000000800abf0       0x8e ./Middlewares/Third_Party/FatFs/src/ff.o
 *fill*         0x000000000800ac7e        0x2 
 .text.f_mount  0x000000000800ac80       0xc8 ./Middlewares/Third_Party/FatFs/src/ff.o
                0x000000000800ac80                f_mount
 .text.f_open   0x000000000800ad48      0x3a6 ./Middlewares/Third_Party/FatFs/src/ff.o
                0x000000000800ad48                f_open
 .text.f_write  0x000000000800b0ee      0x386 ./Middlewares/Third_Party/FatFs/src/ff.o
                0x000000000800b0ee                f_write
 .text.f_sync   0x000000000800b474      0x112 ./Middlewares/Third_Party/FatFs/src/ff.o
                0x000000000800b474                f_sync
 .text.f_close  0x000000000800b586       0x5e ./Middlewares/Third_Party/FatFs/src/ff.o
                0x000000000800b586                f_close
 .text.f_opendir
                0x000000000800b5e4       0xf2 ./Middlewares/Third_Party/FatFs/src/ff.o
                0x000000000800b5e4                f_opendir
 .text.f_closedir
                0x000000000800b6d6       0x56 ./Middlewares/Third_Party/FatFs/src/ff.o
                0x000000000800b6d6                f_closedir
 .text.f_readdir
                0x000000000800b72c       0x86 ./Middlewares/Third_Party/FatFs/src/ff.o
                0x000000000800b72c                f_readdir
 .text.f_stat   0x000000000800b7b2       0x80 ./Middlewares/Third_Party/FatFs/src/ff.o
                0x000000000800b7b2                f_stat
 .text.f_unlink
                0x000000000800b832      0x164 ./Middlewares/Third_Party/FatFs/src/ff.o
                0x000000000800b832                f_unlink
 *fill*         0x000000000800b996        0x2 
 .text.FATFS_LinkDriverEx
                0x000000000800b998       0x98 ./Middlewares/Third_Party/FatFs/src/ff_gen_drv.o
                0x000000000800b998                FATFS_LinkDriverEx
 .text.FATFS_LinkDriver
                0x000000000800ba30       0x1e ./Middlewares/Third_Party/FatFs/src/ff_gen_drv.o
                0x000000000800ba30                FATFS_LinkDriver
 .text.ff_cre_syncobj
                0x000000000800ba4e       0x40 ./Middlewares/Third_Party/FatFs/src/option/syscall.o
                0x000000000800ba4e                ff_cre_syncobj
 .text.ff_del_syncobj
                0x000000000800ba8e       0x18 ./Middlewares/Third_Party/FatFs/src/option/syscall.o
                0x000000000800ba8e                ff_del_syncobj
 .text.ff_req_grant
                0x000000000800baa6       0x2a ./Middlewares/Third_Party/FatFs/src/option/syscall.o
                0x000000000800baa6                ff_req_grant
 .text.ff_rel_grant
                0x000000000800bad0       0x16 ./Middlewares/Third_Party/FatFs/src/option/syscall.o
                0x000000000800bad0                ff_rel_grant
 .text.makeFreeRtosPriority
                0x000000000800bae6       0x30 ./Middlewares/Third_Party/FreeRTOS/Source/CMSIS_RTOS/cmsis_os.o
 .text.inHandlerMode
                0x000000000800bb16       0x24 ./Middlewares/Third_Party/FreeRTOS/Source/CMSIS_RTOS/cmsis_os.o
 .text.osKernelStart
                0x000000000800bb3a        0xe ./Middlewares/Third_Party/FreeRTOS/Source/CMSIS_RTOS/cmsis_os.o
                0x000000000800bb3a                osKernelStart
 .text.osThreadCreate
                0x000000000800bb48       0x98 ./Middlewares/Third_Party/FreeRTOS/Source/CMSIS_RTOS/cmsis_os.o
                0x000000000800bb48                osThreadCreate
 .text.osDelay  0x000000000800bbe0       0x28 ./Middlewares/Third_Party/FreeRTOS/Source/CMSIS_RTOS/cmsis_os.o
                0x000000000800bbe0                osDelay
 .text.osSemaphoreCreate
                0x000000000800bc08       0x7e ./Middlewares/Third_Party/FreeRTOS/Source/CMSIS_RTOS/cmsis_os.o
                0x000000000800bc08                osSemaphoreCreate
 *fill*         0x000000000800bc86        0x2 
 .text.osSemaphoreWait
                0x000000000800bc88       0x9c ./Middlewares/Third_Party/FreeRTOS/Source/CMSIS_RTOS/cmsis_os.o
                0x000000000800bc88                osSemaphoreWait
 .text.osSemaphoreRelease
                0x000000000800bd24       0x6c ./Middlewares/Third_Party/FreeRTOS/Source/CMSIS_RTOS/cmsis_os.o
                0x000000000800bd24                osSemaphoreRelease
 .text.osSemaphoreDelete
                0x000000000800bd90       0x26 ./Middlewares/Third_Party/FreeRTOS/Source/CMSIS_RTOS/cmsis_os.o
                0x000000000800bd90                osSemaphoreDelete
 .text.vListInitialise
                0x000000000800bdb6       0x40 ./Middlewares/Third_Party/FreeRTOS/Source/list.o
                0x000000000800bdb6                vListInitialise
 .text.vListInitialiseItem
                0x000000000800bdf6       0x1a ./Middlewares/Third_Party/FreeRTOS/Source/list.o
                0x000000000800bdf6                vListInitialiseItem
 .text.vListInsertEnd
                0x000000000800be10       0x48 ./Middlewares/Third_Party/FreeRTOS/Source/list.o
                0x000000000800be10                vListInsertEnd
 .text.vListInsert
                0x000000000800be58       0x72 ./Middlewares/Third_Party/FreeRTOS/Source/list.o
                0x000000000800be58                vListInsert
 .text.uxListRemove
                0x000000000800beca       0x54 ./Middlewares/Third_Party/FreeRTOS/Source/list.o
                0x000000000800beca                uxListRemove
 *fill*         0x000000000800bf1e        0x2 
 .text.xQueueGenericReset
                0x000000000800bf20       0xd0 ./Middlewares/Third_Party/FreeRTOS/Source/queue.o
                0x000000000800bf20                xQueueGenericReset
 .text.xQueueGenericCreateStatic
                0x000000000800bff0       0xf0 ./Middlewares/Third_Party/FreeRTOS/Source/queue.o
                0x000000000800bff0                xQueueGenericCreateStatic
 .text.xQueueGenericCreate
                0x000000000800c0e0       0x74 ./Middlewares/Third_Party/FreeRTOS/Source/queue.o
                0x000000000800c0e0                xQueueGenericCreate
 .text.prvInitialiseNewQueue
                0x000000000800c154       0x3e ./Middlewares/Third_Party/FreeRTOS/Source/queue.o
 .text.xQueueCreateCountingSemaphoreStatic
                0x000000000800c192       0x6e ./Middlewares/Third_Party/FreeRTOS/Source/queue.o
                0x000000000800c192                xQueueCreateCountingSemaphoreStatic
 .text.xQueueCreateCountingSemaphore
                0x000000000800c200       0x66 ./Middlewares/Third_Party/FreeRTOS/Source/queue.o
                0x000000000800c200                xQueueCreateCountingSemaphore
 *fill*         0x000000000800c266        0x2 
 .text.xQueueGenericSend
                0x000000000800c268      0x1fc ./Middlewares/Third_Party/FreeRTOS/Source/queue.o
                0x000000000800c268                xQueueGenericSend
 .text.xQueueGiveFromISR
                0x000000000800c464      0x11a ./Middlewares/Third_Party/FreeRTOS/Source/queue.o
                0x000000000800c464                xQueueGiveFromISR
 *fill*         0x000000000800c57e        0x2 
 .text.xQueueSemaphoreTake
                0x000000000800c580      0x218 ./Middlewares/Third_Party/FreeRTOS/Source/queue.o
                0x000000000800c580                xQueueSemaphoreTake
 .text.xQueueReceiveFromISR
                0x000000000800c798      0x100 ./Middlewares/Third_Party/FreeRTOS/Source/queue.o
                0x000000000800c798                xQueueReceiveFromISR
 .text.vQueueDelete
                0x000000000800c898       0x46 ./Middlewares/Third_Party/FreeRTOS/Source/queue.o
                0x000000000800c898                vQueueDelete
 .text.prvGetDisinheritPriorityAfterTimeout
                0x000000000800c8de       0x30 ./Middlewares/Third_Party/FreeRTOS/Source/queue.o
 .text.prvCopyDataToQueue
                0x000000000800c90e       0xd4 ./Middlewares/Third_Party/FreeRTOS/Source/queue.o
 .text.prvCopyDataFromQueue
                0x000000000800c9e2       0x4c ./Middlewares/Third_Party/FreeRTOS/Source/queue.o
 .text.prvUnlockQueue
                0x000000000800ca2e       0xa4 ./Middlewares/Third_Party/FreeRTOS/Source/queue.o
 .text.prvIsQueueEmpty
                0x000000000800cad2       0x2c ./Middlewares/Third_Party/FreeRTOS/Source/queue.o
 .text.prvIsQueueFull
                0x000000000800cafe       0x30 ./Middlewares/Third_Party/FreeRTOS/Source/queue.o
 *fill*         0x000000000800cb2e        0x2 
 .text.vQueueUnregisterQueue
                0x000000000800cb30       0x54 ./Middlewares/Third_Party/FreeRTOS/Source/queue.o
                0x000000000800cb30                vQueueUnregisterQueue
 .text.xTaskCreateStatic
                0x000000000800cb84       0xba ./Middlewares/Third_Party/FreeRTOS/Source/tasks.o
                0x000000000800cb84                xTaskCreateStatic
 .text.xTaskCreate
                0x000000000800cc3e       0x8a ./Middlewares/Third_Party/FreeRTOS/Source/tasks.o
                0x000000000800cc3e                xTaskCreate
 .text.prvInitialiseNewTask
                0x000000000800ccc8      0x10e ./Middlewares/Third_Party/FreeRTOS/Source/tasks.o
 *fill*         0x000000000800cdd6        0x2 
 .text.prvAddNewTaskToReadyList
                0x000000000800cdd8       0xd4 ./Middlewares/Third_Party/FreeRTOS/Source/tasks.o
 .text.vTaskDelay
                0x000000000800ceac       0x68 ./Middlewares/Third_Party/FreeRTOS/Source/tasks.o
                0x000000000800ceac                vTaskDelay
 .text.vTaskStartScheduler
                0x000000000800cf14       0xc0 ./Middlewares/Third_Party/FreeRTOS/Source/tasks.o
                0x000000000800cf14                vTaskStartScheduler
 .text.vTaskSuspendAll
                0x000000000800cfd4       0x1c ./Middlewares/Third_Party/FreeRTOS/Source/tasks.o
                0x000000000800cfd4                vTaskSuspendAll
 .text.xTaskResumeAll
                0x000000000800cff0      0x138 ./Middlewares/Third_Party/FreeRTOS/Source/tasks.o
                0x000000000800cff0                xTaskResumeAll
 .text.xTaskIncrementTick
                0x000000000800d128      0x170 ./Middlewares/Third_Party/FreeRTOS/Source/tasks.o
                0x000000000800d128                xTaskIncrementTick
 .text.vTaskSwitchContext
                0x000000000800d298       0xb8 ./Middlewares/Third_Party/FreeRTOS/Source/tasks.o
                0x000000000800d298                vTaskSwitchContext
 .text.vTaskPlaceOnEventList
                0x000000000800d350       0x48 ./Middlewares/Third_Party/FreeRTOS/Source/tasks.o
                0x000000000800d350                vTaskPlaceOnEventList
 .text.xTaskRemoveFromEventList
                0x000000000800d398       0xc4 ./Middlewares/Third_Party/FreeRTOS/Source/tasks.o
                0x000000000800d398                xTaskRemoveFromEventList
 .text.vTaskInternalSetTimeOutState
                0x000000000800d45c       0x2c ./Middlewares/Third_Party/FreeRTOS/Source/tasks.o
                0x000000000800d45c                vTaskInternalSetTimeOutState
 .text.xTaskCheckForTimeOut
                0x000000000800d488       0xc4 ./Middlewares/Third_Party/FreeRTOS/Source/tasks.o
                0x000000000800d488                xTaskCheckForTimeOut
 .text.vTaskMissedYield
                0x000000000800d54c       0x18 ./Middlewares/Third_Party/FreeRTOS/Source/tasks.o
                0x000000000800d54c                vTaskMissedYield
 .text.prvIdleTask
                0x000000000800d564       0x30 ./Middlewares/Third_Party/FreeRTOS/Source/tasks.o
 .text.prvInitialiseTaskLists
                0x000000000800d594       0x80 ./Middlewares/Third_Party/FreeRTOS/Source/tasks.o
 .text.prvCheckTasksWaitingTermination
                0x000000000800d614       0x5c ./Middlewares/Third_Party/FreeRTOS/Source/tasks.o
 .text.prvDeleteTCB
                0x000000000800d670       0x5e ./Middlewares/Third_Party/FreeRTOS/Source/tasks.o
 *fill*         0x000000000800d6ce        0x2 
 .text.prvResetNextTaskUnblockTime
                0x000000000800d6d0       0x40 ./Middlewares/Third_Party/FreeRTOS/Source/tasks.o
 .text.xTaskGetSchedulerState
                0x000000000800d710       0x3c ./Middlewares/Third_Party/FreeRTOS/Source/tasks.o
                0x000000000800d710                xTaskGetSchedulerState
 .text.xTaskPriorityInherit
                0x000000000800d74c       0xec ./Middlewares/Third_Party/FreeRTOS/Source/tasks.o
                0x000000000800d74c                xTaskPriorityInherit
 .text.xTaskPriorityDisinherit
                0x000000000800d838      0x10c ./Middlewares/Third_Party/FreeRTOS/Source/tasks.o
                0x000000000800d838                xTaskPriorityDisinherit
 .text.vTaskPriorityDisinheritAfterTimeout
                0x000000000800d944      0x11c ./Middlewares/Third_Party/FreeRTOS/Source/tasks.o
                0x000000000800d944                vTaskPriorityDisinheritAfterTimeout
 .text.pvTaskIncrementMutexHeldCount
                0x000000000800da60       0x28 ./Middlewares/Third_Party/FreeRTOS/Source/tasks.o
                0x000000000800da60                pvTaskIncrementMutexHeldCount
 .text.prvAddCurrentTaskToDelayedList
                0x000000000800da88       0xcc ./Middlewares/Third_Party/FreeRTOS/Source/tasks.o
 .text.pxPortInitialiseStack
                0x000000000800db54       0x68 ./Middlewares/Third_Party/FreeRTOS/Source/portable/GCC/ARM_CM4F/port.o
                0x000000000800db54                pxPortInitialiseStack
 .text.prvTaskExitError
                0x000000000800dbbc       0x58 ./Middlewares/Third_Party/FreeRTOS/Source/portable/GCC/ARM_CM4F/port.o
 *fill*         0x000000000800dc14        0xc 
 .text.SVC_Handler
                0x000000000800dc20       0x28 ./Middlewares/Third_Party/FreeRTOS/Source/portable/GCC/ARM_CM4F/port.o
                0x000000000800dc20                SVC_Handler
 .text.prvPortStartFirstTask
                0x000000000800dc48       0x28 ./Middlewares/Third_Party/FreeRTOS/Source/portable/GCC/ARM_CM4F/port.o
 .text.xPortStartScheduler
                0x000000000800dc70      0x144 ./Middlewares/Third_Party/FreeRTOS/Source/portable/GCC/ARM_CM4F/port.o
                0x000000000800dc70                xPortStartScheduler
 .text.vPortEnterCritical
                0x000000000800ddb4       0x60 ./Middlewares/Third_Party/FreeRTOS/Source/portable/GCC/ARM_CM4F/port.o
                0x000000000800ddb4                vPortEnterCritical
 .text.vPortExitCritical
                0x000000000800de14       0x54 ./Middlewares/Third_Party/FreeRTOS/Source/portable/GCC/ARM_CM4F/port.o
                0x000000000800de14                vPortExitCritical
 *fill*         0x000000000800de68        0x8 
 .text.PendSV_Handler
                0x000000000800de70       0x68 ./Middlewares/Third_Party/FreeRTOS/Source/portable/GCC/ARM_CM4F/port.o
                0x000000000800de70                PendSV_Handler
 .text.SysTick_Handler
                0x000000000800ded8       0x44 ./Middlewares/Third_Party/FreeRTOS/Source/portable/GCC/ARM_CM4F/port.o
                0x000000000800ded8                SysTick_Handler
 .text.vPortSetupTimerInterrupt
                0x000000000800df1c       0x48 ./Middlewares/Third_Party/FreeRTOS/Source/portable/GCC/ARM_CM4F/port.o
                0x000000000800df1c                vPortSetupTimerInterrupt
 .text.vPortEnableVFP
                0x000000000800df64       0x14 ./Middlewares/Third_Party/FreeRTOS/Source/portable/GCC/ARM_CM4F/port.o
 .text.vPortValidateInterruptPriority
                0x000000000800df78       0x80 ./Middlewares/Third_Party/FreeRTOS/Source/portable/GCC/ARM_CM4F/port.o
                0x000000000800df78                vPortValidateInterruptPriority
 .text.pvPortMalloc
                0x000000000800dff8      0x198 ./Middlewares/Third_Party/FreeRTOS/Source/portable/MemMang/heap_4.o
                0x000000000800dff8                pvPortMalloc
 .text.vPortFree
                0x000000000800e190       0xc4 ./Middlewares/Third_Party/FreeRTOS/Source/portable/MemMang/heap_4.o
                0x000000000800e190                vPortFree
 .text.prvHeapInit
                0x000000000800e254       0xc4 ./Middlewares/Third_Party/FreeRTOS/Source/portable/MemMang/heap_4.o
 .text.prvInsertBlockIntoFreeList
                0x000000000800e318       0xb4 ./Middlewares/Third_Party/FreeRTOS/Source/portable/MemMang/heap_4.o
 .text.__errno  0x000000000800e3cc        0xc c:/st/stm32cubeide_1.7.0/stm32cubeide/plugins/com.st.stm32cube.ide.mcu.externaltools.gnu-tools-for-stm32.9-2020-q2-update.win32_2.0.0.202105311346/tools/bin/../lib/gcc/arm-none-eabi/9.3.1/../../../../arm-none-eabi/lib/thumb/v7e-m+fp/hard\libc_nano.a(lib_a-errno.o)
                0x000000000800e3cc                __errno
 .text.__libc_init_array
                0x000000000800e3d8       0x48 c:/st/stm32cubeide_1.7.0/stm32cubeide/plugins/com.st.stm32cube.ide.mcu.externaltools.gnu-tools-for-stm32.9-2020-q2-update.win32_2.0.0.202105311346/tools/bin/../lib/gcc/arm-none-eabi/9.3.1/../../../../arm-none-eabi/lib/thumb/v7e-m+fp/hard\libc_nano.a(lib_a-init.o)
                0x000000000800e3d8                __libc_init_array
 .text.memcpy   0x000000000800e420       0x1c c:/st/stm32cubeide_1.7.0/stm32cubeide/plugins/com.st.stm32cube.ide.mcu.externaltools.gnu-tools-for-stm32.9-2020-q2-update.win32_2.0.0.202105311346/tools/bin/../lib/gcc/arm-none-eabi/9.3.1/../../../../arm-none-eabi/lib/thumb/v7e-m+fp/hard\libc_nano.a(lib_a-memcpy-stub.o)
                0x000000000800e420                memcpy
 .text.memset   0x000000000800e43c       0x10 c:/st/stm32cubeide_1.7.0/stm32cubeide/plugins/com.st.stm32cube.ide.mcu.externaltools.gnu-tools-for-stm32.9-2020-q2-update.win32_2.0.0.202105311346/tools/bin/../lib/gcc/arm-none-eabi/9.3.1/../../../../arm-none-eabi/lib/thumb/v7e-m+fp/hard\libc_nano.a(lib_a-memset.o)
                0x000000000800e43c                memset
 .text.__cvt    0x000000000800e44c       0xc4 c:/st/stm32cubeide_1.7.0/stm32cubeide/plugins/com.st.stm32cube.ide.mcu.externaltools.gnu-tools-for-stm32.9-2020-q2-update.win32_2.0.0.202105311346/tools/bin/../lib/gcc/arm-none-eabi/9.3.1/../../../../arm-none-eabi/lib/thumb/v7e-m+fp/hard\libc_nano.a(lib_a-nano-vfprintf_float.o)
                0x000000000800e44c                __cvt
 .text.__exponent
                0x000000000800e510       0x7c c:/st/stm32cubeide_1.7.0/stm32cubeide/plugins/com.st.stm32cube.ide.mcu.externaltools.gnu-tools-for-stm32.9-2020-q2-update.win32_2.0.0.202105311346/tools/bin/../lib/gcc/arm-none-eabi/9.3.1/../../../../arm-none-eabi/lib/thumb/v7e-m+fp/hard\libc_nano.a(lib_a-nano-vfprintf_float.o)
                0x000000000800e510                __exponent
 .text._printf_float
                0x000000000800e58c      0x46c c:/st/stm32cubeide_1.7.0/stm32cubeide/plugins/com.st.stm32cube.ide.mcu.externaltools.gnu-tools-for-stm32.9-2020-q2-update.win32_2.0.0.202105311346/tools/bin/../lib/gcc/arm-none-eabi/9.3.1/../../../../arm-none-eabi/lib/thumb/v7e-m+fp/hard\libc_nano.a(lib_a-nano-vfprintf_float.o)
                0x000000000800e58c                _printf_float
 .text._printf_common
                0x000000000800e9f8       0xda c:/st/stm32cubeide_1.7.0/stm32cubeide/plugins/com.st.stm32cube.ide.mcu.externaltools.gnu-tools-for-stm32.9-2020-q2-update.win32_2.0.0.202105311346/tools/bin/../lib/gcc/arm-none-eabi/9.3.1/../../../../arm-none-eabi/lib/thumb/v7e-m+fp/hard\libc_nano.a(lib_a-nano-vfprintf_i.o)
                0x000000000800e9f8                _printf_common
 *fill*         0x000000000800ead2        0x2 
 .text._printf_i
                0x000000000800ead4      0x24c c:/st/stm32cubeide_1.7.0/stm32cubeide/plugins/com.st.stm32cube.ide.mcu.externaltools.gnu-tools-for-stm32.9-2020-q2-update.win32_2.0.0.202105311346/tools/bin/../lib/gcc/arm-none-eabi/9.3.1/../../../../arm-none-eabi/lib/thumb/v7e-m+fp/hard\libc_nano.a(lib_a-nano-vfprintf_i.o)
                0x000000000800ead4                _printf_i
 .text.sprintf  0x000000000800ed20       0x40 c:/st/stm32cubeide_1.7.0/stm32cubeide/plugins/com.st.stm32cube.ide.mcu.externaltools.gnu-tools-for-stm32.9-2020-q2-update.win32_2.0.0.202105311346/tools/bin/../lib/gcc/arm-none-eabi/9.3.1/../../../../arm-none-eabi/lib/thumb/v7e-m+fp/hard\libc_nano.a(lib_a-sprintf.o)
                0x000000000800ed20                siprintf
                0x000000000800ed20                sprintf
 .text.quorem   0x000000000800ed60      0x116 c:/st/stm32cubeide_1.7.0/stm32cubeide/plugins/com.st.stm32cube.ide.mcu.externaltools.gnu-tools-for-stm32.9-2020-q2-update.win32_2.0.0.202105311346/tools/bin/../lib/gcc/arm-none-eabi/9.3.1/../../../../arm-none-eabi/lib/thumb/v7e-m+fp/hard\libc_nano.a(lib_a-dtoa.o)
 *fill*         0x000000000800ee76        0x2 
 .text._dtoa_r  0x000000000800ee78      0xbd8 c:/st/stm32cubeide_1.7.0/stm32cubeide/plugins/com.st.stm32cube.ide.mcu.externaltools.gnu-tools-for-stm32.9-2020-q2-update.win32_2.0.0.202105311346/tools/bin/../lib/gcc/arm-none-eabi/9.3.1/../../../../arm-none-eabi/lib/thumb/v7e-m+fp/hard\libc_nano.a(lib_a-dtoa.o)
                0x000000000800ee78                _dtoa_r
 .text._localeconv_r
                0x000000000800fa50        0x8 c:/st/stm32cubeide_1.7.0/stm32cubeide/plugins/com.st.stm32cube.ide.mcu.externaltools.gnu-tools-for-stm32.9-2020-q2-update.win32_2.0.0.202105311346/tools/bin/../lib/gcc/arm-none-eabi/9.3.1/../../../../arm-none-eabi/lib/thumb/v7e-m+fp/hard\libc_nano.a(lib_a-localeconv.o)
                0x000000000800fa50                _localeconv_r
 .text.malloc   0x000000000800fa58       0x10 c:/st/stm32cubeide_1.7.0/stm32cubeide/plugins/com.st.stm32cube.ide.mcu.externaltools.gnu-tools-for-stm32.9-2020-q2-update.win32_2.0.0.202105311346/tools/bin/../lib/gcc/arm-none-eabi/9.3.1/../../../../arm-none-eabi/lib/thumb/v7e-m+fp/hard\libc_nano.a(lib_a-malloc.o)
                0x000000000800fa58                malloc
 .text._Balloc  0x000000000800fa68       0x80 c:/st/stm32cubeide_1.7.0/stm32cubeide/plugins/com.st.stm32cube.ide.mcu.externaltools.gnu-tools-for-stm32.9-2020-q2-update.win32_2.0.0.202105311346/tools/bin/../lib/gcc/arm-none-eabi/9.3.1/../../../../arm-none-eabi/lib/thumb/v7e-m+fp/hard\libc_nano.a(lib_a-mprec.o)
                0x000000000800fa68                _Balloc
 .text._Bfree   0x000000000800fae8       0x44 c:/st/stm32cubeide_1.7.0/stm32cubeide/plugins/com.st.stm32cube.ide.mcu.externaltools.gnu-tools-for-stm32.9-2020-q2-update.win32_2.0.0.202105311346/tools/bin/../lib/gcc/arm-none-eabi/9.3.1/../../../../arm-none-eabi/lib/thumb/v7e-m+fp/hard\libc_nano.a(lib_a-mprec.o)
                0x000000000800fae8                _Bfree
 .text.__multadd
                0x000000000800fb2c       0x94 c:/st/stm32cubeide_1.7.0/stm32cubeide/plugins/com.st.stm32cube.ide.mcu.externaltools.gnu-tools-for-stm32.9-2020-q2-update.win32_2.0.0.202105311346/tools/bin/../lib/gcc/arm-none-eabi/9.3.1/../../../../arm-none-eabi/lib/thumb/v7e-m+fp/hard\libc_nano.a(lib_a-mprec.o)
                0x000000000800fb2c                __multadd
 .text.__hi0bits
                0x000000000800fbc0       0x40 c:/st/stm32cubeide_1.7.0/stm32cubeide/plugins/com.st.stm32cube.ide.mcu.externaltools.gnu-tools-for-stm32.9-2020-q2-update.win32_2.0.0.202105311346/tools/bin/../lib/gcc/arm-none-eabi/9.3.1/../../../../arm-none-eabi/lib/thumb/v7e-m+fp/hard\libc_nano.a(lib_a-mprec.o)
                0x000000000800fbc0                __hi0bits
 .text.__lo0bits
                0x000000000800fc00       0x60 c:/st/stm32cubeide_1.7.0/stm32cubeide/plugins/com.st.stm32cube.ide.mcu.externaltools.gnu-tools-for-stm32.9-2020-q2-update.win32_2.0.0.202105311346/tools/bin/../lib/gcc/arm-none-eabi/9.3.1/../../../../arm-none-eabi/lib/thumb/v7e-m+fp/hard\libc_nano.a(lib_a-mprec.o)
                0x000000000800fc00                __lo0bits
 .text.__i2b    0x000000000800fc60       0x2c c:/st/stm32cubeide_1.7.0/stm32cubeide/plugins/com.st.stm32cube.ide.mcu.externaltools.gnu-tools-for-stm32.9-2020-q2-update.win32_2.0.0.202105311346/tools/bin/../lib/gcc/arm-none-eabi/9.3.1/../../../../arm-none-eabi/lib/thumb/v7e-m+fp/hard\libc_nano.a(lib_a-mprec.o)
                0x000000000800fc60                __i2b
 .text.__multiply
                0x000000000800fc8c      0x14c c:/st/stm32cubeide_1.7.0/stm32cubeide/plugins/com.st.stm32cube.ide.mcu.externaltools.gnu-tools-for-stm32.9-2020-q2-update.win32_2.0.0.202105311346/tools/bin/../lib/gcc/arm-none-eabi/9.3.1/../../../../arm-none-eabi/lib/thumb/v7e-m+fp/hard\libc_nano.a(lib_a-mprec.o)
                0x000000000800fc8c                __multiply
 .text.__pow5mult
                0x000000000800fdd8       0xb4 c:/st/stm32cubeide_1.7.0/stm32cubeide/plugins/com.st.stm32cube.ide.mcu.externaltools.gnu-tools-for-stm32.9-2020-q2-update.win32_2.0.0.202105311346/tools/bin/../lib/gcc/arm-none-eabi/9.3.1/../../../../arm-none-eabi/lib/thumb/v7e-m+fp/hard\libc_nano.a(lib_a-mprec.o)
                0x000000000800fdd8                __pow5mult
 .text.__lshift
                0x000000000800fe8c       0xd8 c:/st/stm32cubeide_1.7.0/stm32cubeide/plugins/com.st.stm32cube.ide.mcu.externaltools.gnu-tools-for-stm32.9-2020-q2-update.win32_2.0.0.202105311346/tools/bin/../lib/gcc/arm-none-eabi/9.3.1/../../../../arm-none-eabi/lib/thumb/v7e-m+fp/hard\libc_nano.a(lib_a-mprec.o)
                0x000000000800fe8c                __lshift
 .text.__mcmp   0x000000000800ff64       0x38 c:/st/stm32cubeide_1.7.0/stm32cubeide/plugins/com.st.stm32cube.ide.mcu.externaltools.gnu-tools-for-stm32.9-2020-q2-update.win32_2.0.0.202105311346/tools/bin/../lib/gcc/arm-none-eabi/9.3.1/../../../../arm-none-eabi/lib/thumb/v7e-m+fp/hard\libc_nano.a(lib_a-mprec.o)
                0x000000000800ff64                __mcmp
 .text.__mdiff  0x000000000800ff9c      0x110 c:/st/stm32cubeide_1.7.0/stm32cubeide/plugins/com.st.stm32cube.ide.mcu.externaltools.gnu-tools-for-stm32.9-2020-q2-update.win32_2.0.0.202105311346/tools/bin/../lib/gcc/arm-none-eabi/9.3.1/../../../../arm-none-eabi/lib/thumb/v7e-m+fp/hard\libc_nano.a(lib_a-mprec.o)
                0x000000000800ff9c                __mdiff
 .text.__d2b    0x00000000080100ac       0xb8 c:/st/stm32cubeide_1.7.0/stm32cubeide/plugins/com.st.stm32cube.ide.mcu.externaltools.gnu-tools-for-stm32.9-2020-q2-update.win32_2.0.0.202105311346/tools/bin/../lib/gcc/arm-none-eabi/9.3.1/../../../../arm-none-eabi/lib/thumb/v7e-m+fp/hard\libc_nano.a(lib_a-mprec.o)
                0x00000000080100ac                __d2b
 .text._calloc_r
                0x0000000008010164       0x1e c:/st/stm32cubeide_1.7.0/stm32cubeide/plugins/com.st.stm32cube.ide.mcu.externaltools.gnu-tools-for-stm32.9-2020-q2-update.win32_2.0.0.202105311346/tools/bin/../lib/gcc/arm-none-eabi/9.3.1/../../../../arm-none-eabi/lib/thumb/v7e-m+fp/hard\libc_nano.a(lib_a-nano-callocr.o)
                0x0000000008010164                _calloc_r
 *fill*         0x0000000008010182        0x2 
 .text._free_r  0x0000000008010184       0xa0 c:/st/stm32cubeide_1.7.0/stm32cubeide/plugins/com.st.stm32cube.ide.mcu.externaltools.gnu-tools-for-stm32.9-2020-q2-update.win32_2.0.0.202105311346/tools/bin/../lib/gcc/arm-none-eabi/9.3.1/../../../../arm-none-eabi/lib/thumb/v7e-m+fp/hard\libc_nano.a(lib_a-nano-freer.o)
                0x0000000008010184                _free_r
 .text._malloc_r
                0x0000000008010224       0xb4 c:/st/stm32cubeide_1.7.0/stm32cubeide/plugins/com.st.stm32cube.ide.mcu.externaltools.gnu-tools-for-stm32.9-2020-q2-update.win32_2.0.0.202105311346/tools/bin/../lib/gcc/arm-none-eabi/9.3.1/../../../../arm-none-eabi/lib/thumb/v7e-m+fp/hard\libc_nano.a(lib_a-nano-mallocr.o)
                0x0000000008010224                _malloc_r
 .text.__ssputs_r
                0x00000000080102d8       0xb6 c:/st/stm32cubeide_1.7.0/stm32cubeide/plugins/com.st.stm32cube.ide.mcu.externaltools.gnu-tools-for-stm32.9-2020-q2-update.win32_2.0.0.202105311346/tools/bin/../lib/gcc/arm-none-eabi/9.3.1/../../../../arm-none-eabi/lib/thumb/v7e-m+fp/hard\libc_nano.a(lib_a-nano-svfprintf.o)
                0x00000000080102d8                __ssputs_r
 *fill*         0x000000000801038e        0x2 
 .text._svfprintf_r
                0x0000000008010390      0x200 c:/st/stm32cubeide_1.7.0/stm32cubeide/plugins/com.st.stm32cube.ide.mcu.externaltools.gnu-tools-for-stm32.9-2020-q2-update.win32_2.0.0.202105311346/tools/bin/../lib/gcc/arm-none-eabi/9.3.1/../../../../arm-none-eabi/lib/thumb/v7e-m+fp/hard\libc_nano.a(lib_a-nano-svfprintf.o)
                0x0000000008010390                _svfiprintf_r
                0x0000000008010390                _svfprintf_r
 .text._sbrk_r  0x0000000008010590       0x20 c:/st/stm32cubeide_1.7.0/stm32cubeide/plugins/com.st.stm32cube.ide.mcu.externaltools.gnu-tools-for-stm32.9-2020-q2-update.win32_2.0.0.202105311346/tools/bin/../lib/gcc/arm-none-eabi/9.3.1/../../../../arm-none-eabi/lib/thumb/v7e-m+fp/hard\libc_nano.a(lib_a-sbrkr.o)
                0x0000000008010590                _sbrk_r
 .text.__assert_func
                0x00000000080105b0       0x3c c:/st/stm32cubeide_1.7.0/stm32cubeide/plugins/com.st.stm32cube.ide.mcu.externaltools.gnu-tools-for-stm32.9-2020-q2-update.win32_2.0.0.202105311346/tools/bin/../lib/gcc/arm-none-eabi/9.3.1/../../../../arm-none-eabi/lib/thumb/v7e-m+fp/hard\libc_nano.a(lib_a-assert.o)
                0x00000000080105b0                __assert_func
 .text.fprintf  0x00000000080105ec       0x24 c:/st/stm32cubeide_1.7.0/stm32cubeide/plugins/com.st.stm32cube.ide.mcu.externaltools.gnu-tools-for-stm32.9-2020-q2-update.win32_2.0.0.202105311346/tools/bin/../lib/gcc/arm-none-eabi/9.3.1/../../../../arm-none-eabi/lib/thumb/v7e-m+fp/hard\libc_nano.a(lib_a-fprintf.o)
                0x00000000080105ec                fiprintf
                0x00000000080105ec                fprintf
 .text.__ascii_mbtowc
                0x0000000008010610       0x24 c:/st/stm32cubeide_1.7.0/stm32cubeide/plugins/com.st.stm32cube.ide.mcu.externaltools.gnu-tools-for-stm32.9-2020-q2-update.win32_2.0.0.202105311346/tools/bin/../lib/gcc/arm-none-eabi/9.3.1/../../../../arm-none-eabi/lib/thumb/v7e-m+fp/hard\libc_nano.a(lib_a-mbtowc_r.o)
                0x0000000008010610                __ascii_mbtowc
 .text.memmove  0x0000000008010634       0x34 c:/st/stm32cubeide_1.7.0/stm32cubeide/plugins/com.st.stm32cube.ide.mcu.externaltools.gnu-tools-for-stm32.9-2020-q2-update.win32_2.0.0.202105311346/tools/bin/../lib/gcc/arm-none-eabi/9.3.1/../../../../arm-none-eabi/lib/thumb/v7e-m+fp/hard\libc_nano.a(lib_a-memmove.o)
                0x0000000008010634                memmove
 .text.__malloc_lock
                0x0000000008010668        0xc c:/st/stm32cubeide_1.7.0/stm32cubeide/plugins/com.st.stm32cube.ide.mcu.externaltools.gnu-tools-for-stm32.9-2020-q2-update.win32_2.0.0.202105311346/tools/bin/../lib/gcc/arm-none-eabi/9.3.1/../../../../arm-none-eabi/lib/thumb/v7e-m+fp/hard\libc_nano.a(lib_a-mlock.o)
                0x0000000008010668                __malloc_lock
 .text.__malloc_unlock
                0x0000000008010674        0xc c:/st/stm32cubeide_1.7.0/stm32cubeide/plugins/com.st.stm32cube.ide.mcu.externaltools.gnu-tools-for-stm32.9-2020-q2-update.win32_2.0.0.202105311346/tools/bin/../lib/gcc/arm-none-eabi/9.3.1/../../../../arm-none-eabi/lib/thumb/v7e-m+fp/hard\libc_nano.a(lib_a-mlock.o)
                0x0000000008010674                __malloc_unlock
 .text._realloc_r
                0x0000000008010680       0x4c c:/st/stm32cubeide_1.7.0/stm32cubeide/plugins/com.st.stm32cube.ide.mcu.externaltools.gnu-tools-for-stm32.9-2020-q2-update.win32_2.0.0.202105311346/tools/bin/../lib/gcc/arm-none-eabi/9.3.1/../../../../arm-none-eabi/lib/thumb/v7e-m+fp/hard\libc_nano.a(lib_a-nano-reallocr.o)
                0x0000000008010680                _realloc_r
 .text.__sfputc_r
                0x00000000080106cc       0x2e c:/st/stm32cubeide_1.7.0/stm32cubeide/plugins/com.st.stm32cube.ide.mcu.externaltools.gnu-tools-for-stm32.9-2020-q2-update.win32_2.0.0.202105311346/tools/bin/../lib/gcc/arm-none-eabi/9.3.1/../../../../arm-none-eabi/lib/thumb/v7e-m+fp/hard\libc_nano.a(lib_a-nano-vfprintf.o)
 .text.__sfputs_r
                0x00000000080106fa       0x24 c:/st/stm32cubeide_1.7.0/stm32cubeide/plugins/com.st.stm32cube.ide.mcu.externaltools.gnu-tools-for-stm32.9-2020-q2-update.win32_2.0.0.202105311346/tools/bin/../lib/gcc/arm-none-eabi/9.3.1/../../../../arm-none-eabi/lib/thumb/v7e-m+fp/hard\libc_nano.a(lib_a-nano-vfprintf.o)
                0x00000000080106fa                __sfputs_r
 *fill*         0x000000000801071e        0x2 
 .text._vfprintf_r
                0x0000000008010720      0x260 c:/st/stm32cubeide_1.7.0/stm32cubeide/plugins/com.st.stm32cube.ide.mcu.externaltools.gnu-tools-for-stm32.9-2020-q2-update.win32_2.0.0.202105311346/tools/bin/../lib/gcc/arm-none-eabi/9.3.1/../../../../arm-none-eabi/lib/thumb/v7e-m+fp/hard\libc_nano.a(lib_a-nano-vfprintf.o)
                0x0000000008010720                _vfprintf_r
                0x0000000008010720                _vfiprintf_r
 .text.__swbuf_r
                0x0000000008010980       0xa4 c:/st/stm32cubeide_1.7.0/stm32cubeide/plugins/com.st.stm32cube.ide.mcu.externaltools.gnu-tools-for-stm32.9-2020-q2-update.win32_2.0.0.202105311346/tools/bin/../lib/gcc/arm-none-eabi/9.3.1/../../../../arm-none-eabi/lib/thumb/v7e-m+fp/hard\libc_nano.a(lib_a-wbuf.o)
                0x0000000008010980                __swbuf_r
 .text.__ascii_wctomb
                0x0000000008010a24       0x1a c:/st/stm32cubeide_1.7.0/stm32cubeide/plugins/com.st.stm32cube.ide.mcu.externaltools.gnu-tools-for-stm32.9-2020-q2-update.win32_2.0.0.202105311346/tools/bin/../lib/gcc/arm-none-eabi/9.3.1/../../../../arm-none-eabi/lib/thumb/v7e-m+fp/hard\libc_nano.a(lib_a-wctomb_r.o)
                0x0000000008010a24                __ascii_wctomb
 *fill*         0x0000000008010a3e        0x2 
 .text.__swsetup_r
                0x0000000008010a40       0xdc c:/st/stm32cubeide_1.7.0/stm32cubeide/plugins/com.st.stm32cube.ide.mcu.externaltools.gnu-tools-for-stm32.9-2020-q2-update.win32_2.0.0.202105311346/tools/bin/../lib/gcc/arm-none-eabi/9.3.1/../../../../arm-none-eabi/lib/thumb/v7e-m+fp/hard\libc_nano.a(lib_a-wsetup.o)
                0x0000000008010a40                __swsetup_r
 .text.abort    0x0000000008010b1c        0xe c:/st/stm32cubeide_1.7.0/stm32cubeide/plugins/com.st.stm32cube.ide.mcu.externaltools.gnu-tools-for-stm32.9-2020-q2-update.win32_2.0.0.202105311346/tools/bin/../lib/gcc/arm-none-eabi/9.3.1/../../../../arm-none-eabi/lib/thumb/v7e-m+fp/hard\libc_nano.a(lib_a-abort.o)
                0x0000000008010b1c                abort
 *fill*         0x0000000008010b2a        0x2 
 .text.__sflush_r
                0x0000000008010b2c      0x10c c:/st/stm32cubeide_1.7.0/stm32cubeide/plugins/com.st.stm32cube.ide.mcu.externaltools.gnu-tools-for-stm32.9-2020-q2-update.win32_2.0.0.202105311346/tools/bin/../lib/gcc/arm-none-eabi/9.3.1/../../../../arm-none-eabi/lib/thumb/v7e-m+fp/hard\libc_nano.a(lib_a-fflush.o)
                0x0000000008010b2c                __sflush_r
 .text._fflush_r
                0x0000000008010c38       0x78 c:/st/stm32cubeide_1.7.0/stm32cubeide/plugins/com.st.stm32cube.ide.mcu.externaltools.gnu-tools-for-stm32.9-2020-q2-update.win32_2.0.0.202105311346/tools/bin/../lib/gcc/arm-none-eabi/9.3.1/../../../../arm-none-eabi/lib/thumb/v7e-m+fp/hard\libc_nano.a(lib_a-fflush.o)
                0x0000000008010c38                _fflush_r
 .text.std      0x0000000008010cb0       0x48 c:/st/stm32cubeide_1.7.0/stm32cubeide/plugins/com.st.stm32cube.ide.mcu.externaltools.gnu-tools-for-stm32.9-2020-q2-update.win32_2.0.0.202105311346/tools/bin/../lib/gcc/arm-none-eabi/9.3.1/../../../../arm-none-eabi/lib/thumb/v7e-m+fp/hard\libc_nano.a(lib_a-findfp.o)
 .text._cleanup_r
                0x0000000008010cf8        0xc c:/st/stm32cubeide_1.7.0/stm32cubeide/plugins/com.st.stm32cube.ide.mcu.externaltools.gnu-tools-for-stm32.9-2020-q2-update.win32_2.0.0.202105311346/tools/bin/../lib/gcc/arm-none-eabi/9.3.1/../../../../arm-none-eabi/lib/thumb/v7e-m+fp/hard\libc_nano.a(lib_a-findfp.o)
                0x0000000008010cf8                _cleanup_r
 .text.__sfmoreglue
                0x0000000008010d04       0x2c c:/st/stm32cubeide_1.7.0/stm32cubeide/plugins/com.st.stm32cube.ide.mcu.externaltools.gnu-tools-for-stm32.9-2020-q2-update.win32_2.0.0.202105311346/tools/bin/../lib/gcc/arm-none-eabi/9.3.1/../../../../arm-none-eabi/lib/thumb/v7e-m+fp/hard\libc_nano.a(lib_a-findfp.o)
                0x0000000008010d04                __sfmoreglue
 .text.__sfp_lock_acquire
                0x0000000008010d30        0xc c:/st/stm32cubeide_1.7.0/stm32cubeide/plugins/com.st.stm32cube.ide.mcu.externaltools.gnu-tools-for-stm32.9-2020-q2-update.win32_2.0.0.202105311346/tools/bin/../lib/gcc/arm-none-eabi/9.3.1/../../../../arm-none-eabi/lib/thumb/v7e-m+fp/hard\libc_nano.a(lib_a-findfp.o)
                0x0000000008010d30                __sfp_lock_acquire
 .text.__sfp_lock_release
                0x0000000008010d3c        0xc c:/st/stm32cubeide_1.7.0/stm32cubeide/plugins/com.st.stm32cube.ide.mcu.externaltools.gnu-tools-for-stm32.9-2020-q2-update.win32_2.0.0.202105311346/tools/bin/../lib/gcc/arm-none-eabi/9.3.1/../../../../arm-none-eabi/lib/thumb/v7e-m+fp/hard\libc_nano.a(lib_a-findfp.o)
                0x0000000008010d3c                __sfp_lock_release
 .text.__sinit_lock_acquire